This is pdfTeX, Version 3.141592653-2.6-1.40.25 (TeX Live 2023/Debian) (preloaded format=pdflatex 2026.2.22)  2 MAY 2026 11:12
entering extended mode
 restricted \write18 enabled.
 file:line:error style messages enabled.
 %&-line parsing enabled.
**"/home/randy/Desktop/Education/IS 2026/Projects Formulation/Graduation Project/GP_Oficial_Doc/main.tex"
(/home/randy/Desktop/Education/IS 2026/Projects Formulation/Graduation Project/GP_Oficial_Doc/main.tex
LaTeX2e <2023-11-01> patch level 1
L3 programming layer <2024-01-22>
(/usr/share/texlive/texmf-dist/tex/latex/base/book.cls
Document Class: book 2023/05/17 v1.4n Standard LaTeX document class
(/usr/share/texlive/texmf-dist/tex/latex/base/bk12.clo
File: bk12.clo 2023/05/17 v1.4n Standard LaTeX file (size option)
)
\c@part=\count187
\c@chapter=\count188
\c@section=\count189
\c@subsection=\count190
\c@subsubsection=\count191
\c@paragraph=\count192
\c@subparagraph=\count193
\c@figure=\count194
\c@table=\count195
\abovecaptionskip=\skip48
\belowcaptionskip=\skip49
\bibindent=\dimen140
) (/usr/share/texlive/texmf-dist/tex/latex/base/inputenc.sty
Package: inputenc 2021/02/14 v1.3d Input encoding file
\inpenc@prehook=\toks17
\inpenc@posthook=\toks18
) (/usr/share/texlive/texmf-dist/tex/latex/base/ifthen.sty
Package: ifthen 2022/04/13 v1.1d Standard LaTeX ifthen package (DPC)
) (/usr/share/texlive/texmf-dist/tex/latex/caption/subcaption.sty
Package: subcaption 2023/07/28 v1.6b Sub-captions (AR)
 (/usr/share/texlive/texmf-dist/tex/latex/caption/caption.sty
Package: caption 2023/08/05 v3.6o Customizing captions (AR)
 (/usr/share/texlive/texmf-dist/tex/latex/caption/caption3.sty
Package: caption3 2023/07/31 v2.4d caption3 kernel (AR)
 (/usr/share/texlive/texmf-dist/tex/latex/graphics/keyval.sty
Package: keyval 2022/05/29 v1.15 key=value parser (DPC)
\KV@toks@=\toks19
)
\caption@tempdima=\dimen141
\captionmargin=\dimen142
\caption@leftmargin=\dimen143
\caption@rightmargin=\dimen144
\caption@width=\dimen145
\caption@indent=\dimen146
\caption@parindent=\dimen147
\caption@hangindent=\dimen148
Package caption Info: Standard document class detected.
)
\c@caption@flags=\count196
\c@continuedfloat=\count197
)
Package caption Info: New subtype `subfigure' on input line 238.
\c@subfigure=\count198
Package caption Info: New subtype `subtable' on input line 238.
\c@subtable=\count199
) (/usr/share/texlive/texmf-dist/tex/latex/biblatex/biblatex.sty
Package: biblatex 2023/03/05 v3.19 programmable bibliographies (PK/MW)
 (/usr/share/texlive/texmf-dist/tex/generic/pdftexcmds/pdftexcmds.sty
Package: pdftexcmds 2020-06-27 v0.33 Utility functions of pdfTeX for LuaTeX (HO)
 (/usr/share/texlive/texmf-dist/tex/generic/infwarerr/infwarerr.sty
Package: infwarerr 2019/12/03 v1.5 Providing info/warning/error messages (HO)
) (/usr/share/texlive/texmf-dist/tex/generic/iftex/iftex.sty
Package: iftex 2022/02/03 v1.0f TeX engine tests
) (/usr/share/texlive/texmf-dist/tex/generic/ltxcmds/ltxcmds.sty
Package: ltxcmds 2023-12-04 v1.26 LaTeX kernel commands for general use (HO)
)
Package pdftexcmds Info: \pdf@primitive is available.
Package pdftexcmds Info: \pdf@ifprimitive is available.
Package pdftexcmds Info: \pdfdraftmode found.
) (/usr/share/texlive/texmf-dist/tex/latex/etoolbox/etoolbox.sty
Package: etoolbox 2020/10/05 v2.5k e-TeX tools for LaTeX (JAW)
\etb@tempcnta=\count266
) (/usr/share/texlive/texmf-dist/tex/latex/kvoptions/kvoptions.sty
Package: kvoptions 2022-06-15 v3.15 Key value format for package options (HO)
 (/usr/share/texlive/texmf-dist/tex/latex/kvsetkeys/kvsetkeys.sty
Package: kvsetkeys 2022-10-05 v1.19 Key value parser (HO)
)) (/usr/share/texlive/texmf-dist/tex/latex/logreq/logreq.sty
Package: logreq 2010/08/04 v1.0 xml request logger
\lrq@indent=\count267
 (/usr/share/texlive/texmf-dist/tex/latex/logreq/logreq.def
File: logreq.def 2010/08/04 v1.0 logreq spec v1.0
)) (/usr/share/texlive/texmf-dist/tex/latex/url/url.sty
\Urlmuskip=\muskip16
Package: url 2013/09/16  ver 3.4  Verb mode for urls, etc.
)
\c@tabx@nest=\count268
\c@listtotal=\count269
\c@listcount=\count270
\c@liststart=\count271
\c@liststop=\count272
\c@citecount=\count273
\c@citetotal=\count274
\c@multicitecount=\count275
\c@multicitetotal=\count276
\c@instcount=\count277
\c@maxnames=\count278
\c@minnames=\count279
\c@maxitems=\count280
\c@minitems=\count281
\c@citecounter=\count282
\c@maxcitecounter=\count283
\c@savedcitecounter=\count284
\c@uniquelist=\count285
\c@uniquename=\count286
\c@refsection=\count287
\c@refsegment=\count288
\c@maxextratitle=\count289
\c@maxextratitleyear=\count290
\c@maxextraname=\count291
\c@maxextradate=\count292
\c@maxextraalpha=\count293
\c@abbrvpenalty=\count294
\c@highnamepenalty=\count295
\c@lownamepenalty=\count296
\c@maxparens=\count297
\c@parenlevel=\count298
\blx@tempcnta=\count299
\blx@tempcntb=\count300
\blx@tempcntc=\count301
\c@blx@maxsection=\count302
\blx@maxsegment@0=\count303
\blx@notetype=\count304
\blx@parenlevel@text=\count305
\blx@parenlevel@foot=\count306
\blx@sectionciteorder@0=\count307
\blx@sectionciteorderinternal@0=\count308
\blx@entrysetcounter=\count309
\blx@biblioinstance=\count310
\labelnumberwidth=\skip50
\labelalphawidth=\skip51
\biblabelsep=\skip52
\bibitemsep=\skip53
\bibnamesep=\skip54
\bibinitsep=\skip55
\bibparsep=\skip56
\bibhang=\skip57
\blx@bcfin=\read2
\blx@bcfout=\write3
\blx@langwohyphens=\language89
\c@mincomprange=\count311
\c@maxcomprange=\count312
\c@mincompwidth=\count313
Package biblatex Info: Trying to load biblatex default data model...
Package biblatex Info: ... file 'blx-dm.def' found.
 (/usr/share/texlive/texmf-dist/tex/latex/biblatex/blx-dm.def
File: blx-dm.def 2023/03/05 v3.19 biblatex localization (PK/MW)
)
Package biblatex Info: Trying to load biblatex custom data model...
Package biblatex Info: ... file 'biblatex-dm.cfg' not found.
\c@afterword=\count314
\c@savedafterword=\count315
\c@annotator=\count316
\c@savedannotator=\count317
\c@author=\count318
\c@savedauthor=\count319
\c@bookauthor=\count320
\c@savedbookauthor=\count321
\c@commentator=\count322
\c@savedcommentator=\count323
\c@editor=\count324
\c@savededitor=\count325
\c@editora=\count326
\c@savededitora=\count327
\c@editorb=\count328
\c@savededitorb=\count329
\c@editorc=\count330
\c@savededitorc=\count331
\c@foreword=\count332
\c@savedforeword=\count333
\c@holder=\count334
\c@savedholder=\count335
\c@introduction=\count336
\c@savedintroduction=\count337
\c@namea=\count338
\c@savednamea=\count339
\c@nameb=\count340
\c@savednameb=\count341
\c@namec=\count342
\c@savednamec=\count343
\c@translator=\count344
\c@savedtranslator=\count345
\c@shortauthor=\count346
\c@savedshortauthor=\count347
\c@shorteditor=\count348
\c@savedshorteditor=\count349
\c@labelname=\count350
\c@savedlabelname=\count351
\c@institution=\count352
\c@savedinstitution=\count353
\c@lista=\count354
\c@savedlista=\count355
\c@listb=\count356
\c@savedlistb=\count357
\c@listc=\count358
\c@savedlistc=\count359
\c@listd=\count360
\c@savedlistd=\count361
\c@liste=\count362
\c@savedliste=\count363
\c@listf=\count364
\c@savedlistf=\count365
\c@location=\count366
\c@savedlocation=\count367
\c@organization=\count368
\c@savedorganization=\count369
\c@origlocation=\count370
\c@savedoriglocation=\count371
\c@origpublisher=\count372
\c@savedorigpublisher=\count373
\c@publisher=\count374
\c@savedpublisher=\count375
\c@language=\count376
\c@savedlanguage=\count377
\c@origlanguage=\count378
\c@savedoriglanguage=\count379
\c@pageref=\count380
\c@savedpageref=\count381
\shorthandwidth=\skip58
\shortjournalwidth=\skip59
\shortserieswidth=\skip60
\shorttitlewidth=\skip61
\shortauthorwidth=\skip62
\shorteditorwidth=\skip63
\locallabelnumberwidth=\skip64
\locallabelalphawidth=\skip65
\localshorthandwidth=\skip66
\localshortjournalwidth=\skip67
\localshortserieswidth=\skip68
\localshorttitlewidth=\skip69
\localshortauthorwidth=\skip70
\localshorteditorwidth=\skip71
Package biblatex Info: Trying to load compatibility code...
Package biblatex Info: ... file 'blx-compat.def' found.
 (/usr/share/texlive/texmf-dist/tex/latex/biblatex/blx-compat.def
File: blx-compat.def 2023/03/05 v3.19 biblatex compatibility (PK/MW)
)
Package biblatex Info: Trying to load generic definitions...
Package biblatex Info: ... file 'biblatex.def' found.
 (/usr/share/texlive/texmf-dist/tex/latex/biblatex/biblatex.def
File: biblatex.def 2023/03/05 v3.19 biblatex compatibility (PK/MW)
\c@textcitecount=\count382
\c@textcitetotal=\count383
\c@textcitemaxnames=\count384
\c@biburlbigbreakpenalty=\count385
\c@biburlbreakpenalty=\count386
\c@biburlnumpenalty=\count387
\c@biburlucpenalty=\count388
\c@biburllcpenalty=\count389
\biburlbigskip=\muskip17
\biburlnumskip=\muskip18
\biburlucskip=\muskip19
\biburllcskip=\muskip20
\c@smartand=\count390
)
Package biblatex Info: Trying to load bibliography style 'numeric'...
Package biblatex Info: ... file 'numeric.bbx' found.
 (/usr/share/texlive/texmf-dist/tex/latex/biblatex/bbx/numeric.bbx
File: numeric.bbx 2023/03/05 v3.19 biblatex bibliography style (PK/MW)
Package biblatex Info: Trying to load bibliography style 'standard'...
Package biblatex Info: ... file 'standard.bbx' found.
 (/usr/share/texlive/texmf-dist/tex/latex/biblatex/bbx/standard.bbx
File: standard.bbx 2023/03/05 v3.19 biblatex bibliography style (PK/MW)
\c@bbx:relatedcount=\count391
\c@bbx:relatedtotal=\count392
))
Package biblatex Info: Trying to load citation style 'numeric'...
Package biblatex Info: ... file 'numeric.cbx' found.
 (/usr/share/texlive/texmf-dist/tex/latex/biblatex/cbx/numeric.cbx
File: numeric.cbx 2023/03/05 v3.19 biblatex citation style (PK/MW)
Package biblatex Info: Redefining '\cite'.
Package biblatex Info: Redefining '\parencite'.
Package biblatex Info: Redefining '\footcite'.
Package biblatex Info: Redefining '\footcitetext'.
Package biblatex Info: Redefining '\smartcite'.
Package biblatex Info: Redefining '\supercite'.
Package biblatex Info: Redefining '\textcite'.
Package biblatex Info: Redefining '\textcites'.
Package biblatex Info: Redefining '\cites'.
Package biblatex Info: Redefining '\parencites'.
Package biblatex Info: Redefining '\smartcites'.
)
Package biblatex Info: Trying to load configuration file...
Package biblatex Info: ... file 'biblatex.cfg' found.
 (/usr/share/texlive/texmf-dist/tex/latex/biblatex/biblatex.cfg
File: biblatex.cfg 
)
Package biblatex Info: Input encoding 'utf8' detected.
Package biblatex Info: Document encoding is UTF8 ....
 (/usr/share/texlive/texmf-dist/tex/latex/l3kernel/expl3.sty
Package: expl3 2024-01-22 L3 programming layer (loader) 
 (/usr/share/texlive/texmf-dist/tex/latex/l3backend/l3backend-pdftex.def
File: l3backend-pdftex.def 2024-01-04 L3 backend support: PDF output (pdfTeX)
\l__color_backend_stack_int=\count393
\l__pdf_internal_box=\box51
))
Package biblatex Info: ... and expl3
(biblatex)             2024-01-22 L3 programming layer (loader) 
(biblatex)             is new enough (at least 2020/04/06),
(biblatex)             setting 'casechanger=expl3'.
 (/usr/share/texlive/texmf-dist/tex/latex/biblatex/blx-case-expl3.sty (/usr/share/texlive/texmf-dist/tex/latex/l3packages/xparse/xparse.sty
Package: xparse 2023-10-10 L3 Experimental document command parser
)
Package: blx-case-expl3 2023/03/05 v3.19 expl3 case changing code for biblatex
)) (./body/macros.tex (/usr/share/texlive/texmf-dist/tex/latex/exercise/exercise.sty
Package: exercise 2014/10/20 v1.6 Exercise package (P.Pichaureau)
\ExerciseSkipBefore=\skip72
\ExerciseSkipAfter=\skip73
\AnswerSkipBefore=\skip74
\AnswerSkipAfter=\skip75
\Exesep=\skip76
\Exetopsep=\skip77
\Exeparsep=\skip78
\Exepartopsep=\skip79
\Exeleftmargin=\skip80
\Exerightmargin=\skip81
\Exelabelwidth=\skip82
\Exelabelsep=\skip83
\ExerciseBefore=\skip84
\QuestionBefore=\skip85
\subQuestionBefore=\skip86
\subsubQuestionBefore=\skip87
\QuestionIndent=\skip88
\subQuestionIndent=\skip89
\subsubQuestionIndent=\skip90
\c@Exercise=\count394
\c@Answer=\count395
\c@ExePart=\count396
\c@Question=\count397
\c@subQuestion=\count398
\c@subsubQuestion=\count399
\c@savedQuestion=\count400
\c@savedsubQuestion=\count401
\c@savedsubsubQuestion=\count402
\@QuestionLevel=\count403
\@Exercisebox=\box52
\all@Exercisebox=\box53
\temp@Exercisebox=\box54
\all@Answerbox=\box55
\temp@Answerbox=\box56
\ExerciseDifficulty=\count404
\QuestionDifficulty=\count405
\subQuestionDifficulty=\count406
\subsubQuestionDifficulty=\count407
\ExePartDifficulty=\count408
\@Answerbox=\box57
\colonnesLevel=\count409
\tempskipa=\skip91
\tempskipb=\skip92
\@savedmathindent=\skip93
) (/usr/share/texlive/texmf-dist/tex/generic/iftex/ifpdf.sty
Package: ifpdf 2019/10/25 v3.4 ifpdf legacy package. Use iftex instead.
) (/usr/share/texlive/texmf-dist/tex/latex/csquotes/csquotes.sty
Package: csquotes 2022-09-14 v5.2n context-sensitive quotations (JAW)
\csq@reset=\count410
\csq@gtype=\count411
\csq@glevel=\count412
\csq@qlevel=\count413
\csq@maxlvl=\count414
\csq@tshold=\count415
\csq@ltx@everypar=\toks20
 (/usr/share/texlive/texmf-dist/tex/latex/csquotes/csquotes.def
File: csquotes.def 2022-09-14 v5.2n csquotes generic definitions (JAW)
)
Package csquotes Info: Trying to load configuration file 'csquotes.cfg'...
Package csquotes Info: ... configuration file loaded successfully.
 (/usr/share/texlive/texmf-dist/tex/latex/csquotes/csquotes.cfg
File: csquotes.cfg 
)) (/usr/share/texlive/texmf-dist/tex/generic/babel/babel.sty
Package: babel 2024/01/07 v24.1 The Babel package
\babel@savecnt=\count416
\U@D=\dimen149
\l@unhyphenated=\language90
 (/usr/share/texlive/texmf-dist/tex/generic/babel/txtbabel.def)
\bbl@readstream=\read3
\bbl@dirlevel=\count417
 (/usr/share/texlive/texmf-dist/tex/generic/babel-spanish/spanish.ldf
Language: spanish.ldf 2021/05/27 v5.0q Spanish support from the babel system
\es@quottoks=\toks21
\es@quotdepth=\count418
Package babel Info: Making " an active character on input line 570.
Package babel Info: Making . an active character on input line 675.
Package babel Info: Making < an active character on input line 722.
Package babel Info: Making > an active character on input line 722.
)) (/usr/share/texlive/texmf-dist/tex/generic/babel/locale/es/babel-spanish.tex
Package babel Info: Importing font and identification data for spanish
(babel)             from babel-es.ini. Reported on input line 11.
) (/usr/share/texlive/texmf-dist/tex/latex/base/makeidx.sty
Package: makeidx 2021/10/04 v1.0m Standard LaTeX package
) (/usr/share/texlive/texmf-dist/tex/latex/tocbibind/tocbibind.sty
Package: tocbibind 2010/10/13 v1.5k extra ToC listings
Package tocbibind Info: The document has chapter divisions on input line 50.


Package tocbibind Note: Using chapter style headings, unless overridden.

) (/usr/share/texlive/texmf-dist/tex/latex/nomencl/nomencl.sty
Package: nomencl 2021/11/10 v5.6 Nomenclature package
 (/usr/share/texlive/texmf-dist/tex/latex/xkeyval/xkeyval.sty
Package: xkeyval 2022/06/16 v2.9 package option processing (HA)
 (/usr/share/texlive/texmf-dist/tex/generic/xkeyval/xkeyval.tex (/usr/share/texlive/texmf-dist/tex/generic/xkeyval/xkvutils.tex
\XKV@toks=\toks22
\XKV@tempa@toks=\toks23
)
\XKV@depth=\count419
File: xkeyval.tex 2014/12/03 v2.7a key=value parser (HA)
)) (/usr/share/texlive/texmf-dist/tex/latex/koma-script/tocbasic.sty
Package: tocbasic 2023/07/07 v3.41 KOMA-Script package (handling toc-files)
 (/usr/share/texlive/texmf-dist/tex/latex/koma-script/scrbase.sty
Package: scrbase 2023/07/07 v3.41 KOMA-Script package (KOMA-Script-independent basics and keyval usage)
 (/usr/share/texlive/texmf-dist/tex/latex/koma-script/scrlfile.sty
Package: scrlfile 2023/07/07 v3.41 KOMA-Script package (file load hooks)
 (/usr/share/texlive/texmf-dist/tex/latex/koma-script/scrlfile-hook.sty
Package: scrlfile-hook 2023/07/07 v3.41 KOMA-Script package (using LaTeX hooks)
 (/usr/share/texlive/texmf-dist/tex/latex/koma-script/scrlogo.sty
Package: scrlogo 2023/07/07 v3.41 KOMA-Script package (logo)
)))
Applying: [2021/05/01] Usage of raw or classic option list on input line 252.
Already applied: [0000/00/00] Usage of raw or classic option list on input line 368.
)
\scr@dte@tocline@numberwidth=\skip94
\scr@dte@tocline@numbox=\box58
)
Package tocbasic Info: setting babel extension for `nlo' on input line 187.
Package tocbasic Info: setting babel extension for `nls' on input line 188.
\nomlabelwidth=\dimen150
\nom@tempdim=\dimen151
\nomitemsep=\skip95
) (/usr/share/texlive/texmf-dist/tex/latex/siunitx/siunitx.sty
Package: siunitx 2024-01-25 v3.3.10 A comprehensive (SI) units package
\l__siunitx_number_uncert_offset_int=\count420
\l__siunitx_number_exponent_fixed_int=\count421
\l__siunitx_number_min_decimal_int=\count422
\l__siunitx_number_min_integer_int=\count423
\l__siunitx_number_round_precision_int=\count424
\l__siunitx_number_lower_threshold_int=\count425
\l__siunitx_number_upper_threshold_int=\count426
\l__siunitx_number_group_first_int=\count427
\l__siunitx_number_group_size_int=\count428
\l__siunitx_number_group_minimum_int=\count429
\l__siunitx_angle_tmp_dim=\dimen152
\l__siunitx_angle_marker_box=\box59
\l__siunitx_angle_unit_box=\box60
\l__siunitx_compound_count_int=\count430
 (/usr/share/texlive/texmf-dist/tex/latex/translations/translations.sty
Package: translations 2022/02/05 v1.12 internationalization of LaTeX2e packages (CN)
) (/usr/share/texlive/texmf-dist/tex/latex/amsmath/amstext.sty
Package: amstext 2021/08/26 v2.01 AMS text
 (/usr/share/texlive/texmf-dist/tex/latex/amsmath/amsgen.sty
File: amsgen.sty 1999/11/30 v2.0 generic functions
\@emptytoks=\toks24
\ex@=\dimen153
))
\l__siunitx_table_tmp_box=\box61
\l__siunitx_table_tmp_dim=\dimen154
\l__siunitx_table_column_width_dim=\dimen155
\l__siunitx_table_integer_box=\box62
\l__siunitx_table_decimal_box=\box63
\l__siunitx_table_uncert_box=\box64
\l__siunitx_table_before_box=\box65
\l__siunitx_table_after_box=\box66
\l__siunitx_table_before_dim=\dimen156
\l__siunitx_table_carry_dim=\dimen157
\l__siunitx_unit_tmp_int=\count431
\l__siunitx_unit_position_int=\count432
\l__siunitx_unit_total_int=\count433
 (/usr/share/texlive/texmf-dist/tex/latex/tools/array.sty
Package: array 2023/10/16 v2.5g Tabular extension package (FMi)
\col@sep=\dimen158
\ar@mcellbox=\box67
\extrarowheight=\dimen159
\NC@list=\toks25
\extratabsurround=\skip96
\backup@length=\skip97
\ar@cellbox=\box68
)) (/usr/share/texlive/texmf-dist/tex/latex/amsmath/amsmath.sty
Package: amsmath 2023/05/13 v2.17o AMS math features
\@mathmargin=\skip98

For additional information on amsmath, use the `?' option.
(/usr/share/texlive/texmf-dist/tex/latex/amsmath/amsbsy.sty
Package: amsbsy 1999/11/29 v1.2d Bold Symbols
\pmbraise@=\dimen160
) (/usr/share/texlive/texmf-dist/tex/latex/amsmath/amsopn.sty
Package: amsopn 2022/04/08 v2.04 operator names
)
\inf@bad=\count434
LaTeX Info: Redefining \frac on input line 234.
\uproot@=\count435
\leftroot@=\count436
LaTeX Info: Redefining \overline on input line 399.
LaTeX Info: Redefining \colon on input line 410.
\classnum@=\count437
\DOTSCASE@=\count438
LaTeX Info: Redefining \ldots on input line 496.
LaTeX Info: Redefining \dots on input line 499.
LaTeX Info: Redefining \cdots on input line 620.
\Mathstrutbox@=\box69
\strutbox@=\box70
LaTeX Info: Redefining \big on input line 722.
LaTeX Info: Redefining \Big on input line 723.
LaTeX Info: Redefining \bigg on input line 724.
LaTeX Info: Redefining \Bigg on input line 725.
\big@size=\dimen161
LaTeX Font Info:    Redeclaring font encoding OML on input line 743.
LaTeX Font Info:    Redeclaring font encoding OMS on input line 744.
\macc@depth=\count439
LaTeX Info: Redefining \bmod on input line 905.
LaTeX Info: Redefining \pmod on input line 910.
LaTeX Info: Redefining \smash on input line 940.
LaTeX Info: Redefining \relbar on input line 970.
LaTeX Info: Redefining \Relbar on input line 971.
\c@MaxMatrixCols=\count440
\dotsspace@=\muskip21
\c@parentequation=\count441
\dspbrk@lvl=\count442
\tag@help=\toks26
\row@=\count443
\column@=\count444
\maxfields@=\count445
\andhelp@=\toks27
\eqnshift@=\dimen162
\alignsep@=\dimen163
\tagshift@=\dimen164
\tagwidth@=\dimen165
\totwidth@=\dimen166
\lineht@=\dimen167
\@envbody=\toks28
\multlinegap=\skip99
\multlinetaggap=\skip100
\mathdisplay@stack=\toks29
LaTeX Info: Redefining \[ on input line 2953.
LaTeX Info: Redefining \] on input line 2954.
) (/usr/share/texlive/texmf-dist/tex/latex/amsfonts/amssymb.sty
Package: amssymb 2013/01/14 v3.01 AMS font symbols
 (/usr/share/texlive/texmf-dist/tex/latex/amsfonts/amsfonts.sty
Package: amsfonts 2013/01/14 v3.01 Basic AMSFonts support
\symAMSa=\mathgroup4
\symAMSb=\mathgroup5
LaTeX Font Info:    Redeclaring math symbol \hbar on input line 98.
LaTeX Font Info:    Overwriting math alphabet `\mathfrak' in version `bold'
(Font)                  U/euf/m/n --> U/euf/b/n on input line 106.
)) (/usr/share/texlive/texmf-dist/tex/latex/jknapltx/mathrsfs.sty
Package: mathrsfs 1996/01/01 Math RSFS package v1.0 (jk)
\symrsfs=\mathgroup6
) (/usr/share/texlive/texmf-dist/tex/latex/trsym/trsym.sty
Package: trsym 2000/06/25v1.0transformation symbol font
\symtransfsymbol=\mathgroup7
) (/usr/share/texlive/texmf-dist/tex/latex/stmaryrd/stmaryrd.sty
Package: stmaryrd 1994/03/03 St Mary's Road symbol package
\symstmry=\mathgroup8
LaTeX Font Info:    Overwriting symbol font `stmry' in version `bold'
(Font)                  U/stmry/m/n --> U/stmry/b/n on input line 89.
) (/usr/share/texlive/texmf-dist/tex/latex/units/nicefrac.sty
Package: nicefrac 1998/08/04 v0.9b Nice fractions
\L@UnitsRaiseDisplaystyle=\skip101
\L@UnitsRaiseTextstyle=\skip102
\L@UnitsRaiseScriptstyle=\skip103
) (/usr/share/texlive/texmf-dist/tex/latex/tools/longtable.sty
Package: longtable 2023-11-01 v4.19 Multi-page Table package (DPC)
\LTleft=\skip104
\LTright=\skip105
\LTpre=\skip106
\LTpost=\skip107
\LTchunksize=\count446
\LTcapwidth=\dimen168
\LT@head=\box71
\LT@firsthead=\box72
\LT@foot=\box73
\LT@lastfoot=\box74
\LT@gbox=\box75
\LT@cols=\count447
\LT@rows=\count448
\c@LT@tables=\count449
\c@LT@chunks=\count450
\LT@p@ftn=\toks30
) (/usr/share/texlive/texmf-dist/tex/latex/tools/tabularx.sty
Package: tabularx 2023/07/08 v2.11c `tabularx' package (DPC)
\TX@col@width=\dimen169
\TX@old@table=\dimen170
\TX@old@col=\dimen171
\TX@target=\dimen172
\TX@delta=\dimen173
\TX@cols=\count451
\TX@ftn=\toks31
) (/usr/share/texlive/texmf-dist/tex/latex/tools/afterpage.sty
Package: afterpage 2023/07/04 v1.08 After-Page Package (DPC)
\AP@output=\toks32
\AP@partial=\box76
\AP@footins=\box77
) (/usr/share/texlive/texmf-dist/tex/latex/multirow/multirow.sty
Package: multirow 2021/03/15 v2.8 Span multiple rows of a table
\multirow@colwidth=\skip108
\multirow@cntb=\count452
\multirow@dima=\skip109
\bigstrutjot=\dimen174
) (/usr/share/texlive/texmf-dist/tex/latex/tools/multicol.sty
Package: multicol 2023/03/30 v1.9f multicolumn formatting (FMi)
\c@tracingmulticols=\count453
\mult@box=\box78
\multicol@leftmargin=\dimen175
\c@unbalance=\count454
\c@collectmore=\count455
\doublecol@number=\count456
\multicoltolerance=\count457
\multicolpretolerance=\count458
\full@width=\dimen176
\page@free=\dimen177
\premulticols=\dimen178
\postmulticols=\dimen179
\multicolsep=\skip110
\multicolbaselineskip=\skip111
\partial@page=\box79
\last@line=\box80
\mc@boxedresult=\box81
\maxbalancingoverflow=\dimen180
\mult@rightbox=\box82
\mult@grightbox=\box83
\mult@firstbox=\box84
\mult@gfirstbox=\box85
\@tempa=\box86
\@tempa=\box87
\@tempa=\box88
\@tempa=\box89
\@tempa=\box90
\@tempa=\box91
\@tempa=\box92
\@tempa=\box93
\@tempa=\box94
\@tempa=\box95
\@tempa=\box96
\@tempa=\box97
\@tempa=\box98
\@tempa=\box99
\@tempa=\box100
\@tempa=\box101
\@tempa=\box102
\@tempa=\box103
\@tempa=\box104
\@tempa=\box105
\@tempa=\box106
\@tempa=\box107
\@tempa=\box108
\@tempa=\box109
\@tempa=\box110
\@tempa=\box111
\@tempa=\box112
\@tempa=\box113
\@tempa=\box114
\@tempa=\box115
\@tempa=\box116
\@tempa=\box117
\@tempa=\box118
\@tempa=\box119
\@tempa=\box120
\@tempa=\box121
\c@minrows=\count459
\c@columnbadness=\count460
\c@finalcolumnbadness=\count461
\last@try=\dimen181
\multicolovershoot=\dimen182
\multicolundershoot=\dimen183
\mult@nat@firstbox=\box122
\colbreak@box=\box123
\mc@col@check@num=\count462
) (/usr/share/texlive/texmf-dist/tex/latex/enumitem/enumitem.sty
Package: enumitem 2019/06/20 v3.9 Customized lists
\labelindent=\skip112
\enit@outerparindent=\dimen184
\enit@toks=\toks33
\enit@inbox=\box124
\enit@count@id=\count463
\enitdp@description=\count464
)
\enitdp@compactitem=\count465
\enitdp@compactdesc=\count466
\c@compactenumi=\count467
\c@compactenumii=\count468
\c@compactenumiii=\count469
\enitdp@compactenum=\count470
\c@compactenumai=\count471
\c@compactenumaii=\count472
\c@compactenumaiii=\count473
\enitdp@compactenuma=\count474
 (/usr/share/texlive/texmf-dist/tex/latex/was/icomma.sty
Package: icomma 2002/03/10 v2.0 (WaS)
) (/usr/share/texlive/texmf-dist/tex/latex/bold-extra/bold-extra.sty
Package: bold-extra 2001/11/13 v0.1 Use fonts from cm/mf-extra/bold
) (/usr/share/texlive/texmf-dist/tex/latex/float/float.sty
Package: float 2001/11/08 v1.3d Float enhancements (AL)
\c@float@type=\count475
\float@exts=\toks34
\float@box=\box125
\@float@everytoks=\toks35
\@floatcapt=\box126
) (/usr/share/texlive/texmf-dist/tex/latex/booktabs/booktabs.sty
Package: booktabs 2020/01/12 v1.61803398 Publication quality tables
\heavyrulewidth=\dimen185
\lightrulewidth=\dimen186
\cmidrulewidth=\dimen187
\belowrulesep=\dimen188
\belowbottomsep=\dimen189
\aboverulesep=\dimen190
\abovetopsep=\dimen191
\cmidrulesep=\dimen192
\cmidrulekern=\dimen193
\defaultaddspace=\dimen194
\@cmidla=\count476
\@cmidlb=\count477
\@aboverulesep=\dimen195
\@belowrulesep=\dimen196
\@thisruleclass=\count478
\@lastruleclass=\count479
\@thisrulewidth=\dimen197
) (./sty/tecStyle.sty
Package: sty/tecStyle 2004/12/21 v0.2 tecStyle
 (/usr/share/texlive/texmf-dist/tex/latex/xifthen/xifthen.sty
Package: xifthen 2015/11/05 v1.4.0 Extended ifthen features
 (/usr/share/texlive/texmf-dist/tex/latex/tools/calc.sty
Package: calc 2023/07/08 v4.3 Infix arithmetic (KKT,FJ)
\calc@Acount=\count480
\calc@Bcount=\count481
\calc@Adimen=\dimen198
\calc@Bdimen=\dimen199
\calc@Askip=\skip113
\calc@Bskip=\skip114
LaTeX Info: Redefining \setlength on input line 80.
LaTeX Info: Redefining \addtolength on input line 81.
\calc@Ccount=\count482
\calc@Cskip=\skip115
) (/usr/share/texlive/texmf-dist/tex/latex/ifmtarg/ifmtarg.sty
Package: ifmtarg 2018/04/16 v1.2b check for an empty argument
)) (/usr/share/texlive/texmf-dist/tex/latex/xcolor/xcolor.sty
Package: xcolor 2023/11/15 v3.01 LaTeX color extensions (UK)
 (/usr/share/texlive/texmf-dist/tex/latex/graphics-cfg/color.cfg
File: color.cfg 2016/01/02 v1.6 sample color configuration
)

Package xcolor Warning: Package option `usenames' is obsolete and ignored on input line 266.

Package xcolor Info: Driver file: pdftex.def on input line 274.
(/usr/share/texlive/texmf-dist/tex/latex/graphics-def/pdftex.def
File: pdftex.def 2022/09/22 v1.2b Graphics/color driver for pdftex
) (/usr/share/texlive/texmf-dist/tex/latex/graphics/mathcolor.ltx)
Package xcolor Info: Model `cmy' substituted by `cmy0' on input line 1350.
Package xcolor Info: Model `hsb' substituted by `rgb' on input line 1354.
Package xcolor Info: Model `RGB' extended on input line 1366.
Package xcolor Info: Model `HTML' substituted by `rgb' on input line 1368.
Package xcolor Info: Model `Hsb' substituted by `hsb' on input line 1369.
Package xcolor Info: Model `tHsb' substituted by `hsb' on input line 1370.
Package xcolor Info: Model `HSB' substituted by `hsb' on input line 1371.
Package xcolor Info: Model `Gray' substituted by `gray' on input line 1372.
Package xcolor Info: Model `wave' substituted by `hsb' on input line 1373.
) (/usr/share/texlive/texmf-dist/tex/latex/graphics/dvipsnam.def
File: dvipsnam.def 2016/06/17 v3.0m Driver-dependent file (DPC,SPQR)
) (/usr/share/texlive/texmf-dist/tex/latex/tools/theorem.sty
Package: theorem 2023/07/05 v2.2c Theorem extension package (FMi)
\theorem@style=\toks36
\theorem@bodyfont=\toks37
\theorempreskipamount=\skip116
\theorempostskipamount=\skip117
 (/usr/share/texlive/texmf-dist/tex/latex/tools/thp.sty
File: thp.sty 2023/07/05 v2.2c Theorem extension package (FMi)
)) 2009/02/15 tecStyle
\c@Def=\count483
\c@nexample=\count484
) (/usr/share/texlive/texmf-dist/tex/latex/hyperref/hyperref.sty
Package: hyperref 2024-01-20 v7.01h Hypertext links for LaTeX
 (/usr/share/texlive/texmf-dist/tex/generic/kvdefinekeys/kvdefinekeys.sty
Package: kvdefinekeys 2019-12-19 v1.6 Define keys (HO)
) (/usr/share/texlive/texmf-dist/tex/generic/pdfescape/pdfescape.sty
Package: pdfescape 2019/12/09 v1.15 Implements pdfTeX's escape features (HO)
) (/usr/share/texlive/texmf-dist/tex/latex/hycolor/hycolor.sty
Package: hycolor 2020-01-27 v1.10 Color options for hyperref/bookmark (HO)
) (/usr/share/texlive/texmf-dist/tex/latex/auxhook/auxhook.sty
Package: auxhook 2019-12-17 v1.6 Hooks for auxiliary files (HO)
) (/usr/share/texlive/texmf-dist/tex/latex/hyperref/nameref.sty
Package: nameref 2023-11-26 v2.56 Cross-referencing by name of section
 (/usr/share/texlive/texmf-dist/tex/latex/refcount/refcount.sty
Package: refcount 2019/12/15 v3.6 Data extraction from label references (HO)
) (/usr/share/texlive/texmf-dist/tex/generic/gettitlestring/gettitlestring.sty
Package: gettitlestring 2019/12/15 v1.6 Cleanup title references (HO)
)
\c@section@level=\count485
)
\@linkdim=\dimen256
\Hy@linkcounter=\count486
\Hy@pagecounter=\count487
 (/usr/share/texlive/texmf-dist/tex/latex/hyperref/pd1enc.def
File: pd1enc.def 2024-01-20 v7.01h Hyperref: PDFDocEncoding definition (HO)
Now handling font encoding PD1 ...
... no UTF-8 mapping file for font encoding PD1
) (/usr/share/texlive/texmf-dist/tex/generic/intcalc/intcalc.sty
Package: intcalc 2019/12/15 v1.3 Expandable calculations with integers (HO)
)
\Hy@SavedSpaceFactor=\count488
 (/usr/share/texlive/texmf-dist/tex/latex/hyperref/puenc.def
File: puenc.def 2024-01-20 v7.01h Hyperref: PDF Unicode definition (HO)
Now handling font encoding PU ...
... no UTF-8 mapping file for font encoding PU
)
Package hyperref Info: Option `naturalnames' set `true' on input line 4062.
Package hyperref Info: Option `linktocpage' set `true' on input line 4062.
Package hyperref Info: Option `hyperindex' set `true' on input line 4062.
Package hyperref Info: Option `colorlinks' set `true' on input line 4062.
Package hyperref Info: Option `plainpages' set `false' on input line 4062.
Package hyperref Info: Option `pdfpagelabels' set `true' on input line 4062.
Package hyperref Info: Option `bookmarksnumbered' set `true' on input line 4062.
Package hyperref Info: Hyper figures OFF on input line 4179.
Package hyperref Info: Link nesting OFF on input line 4184.
Package hyperref Info: Hyper index ON on input line 4187.
Package hyperref Info: Plain pages OFF on input line 4194.
Package hyperref Info: Backreferencing OFF on input line 4199.
Package hyperref Info: Implicit mode ON; LaTeX internals redefined.
Package hyperref Info: Bookmarks ON on input line 4446.
\c@Hy@tempcnt=\count489
LaTeX Info: Redefining \url on input line 4784.
\XeTeXLinkMargin=\dimen257
 (/usr/share/texlive/texmf-dist/tex/generic/bitset/bitset.sty
Package: bitset 2019/12/09 v1.3 Handle bit-vector datatype (HO)
 (/usr/share/texlive/texmf-dist/tex/generic/bigintcalc/bigintcalc.sty
Package: bigintcalc 2019/12/15 v1.5 Expandable calculations on big integers (HO)
))
\Fld@menulength=\count490
\Field@Width=\dimen258
\Fld@charsize=\dimen259
Package hyperref Info: Hyper figures OFF on input line 6063.
Package hyperref Info: Link nesting OFF on input line 6068.
Package hyperref Info: Hyper index ON on input line 6071.
Package hyperref Info: backreferencing OFF on input line 6078.
Package hyperref Info: Link coloring ON on input line 6081.
Package hyperref Info: Link coloring with OCG OFF on input line 6088.
Package hyperref Info: PDF/A mode OFF on input line 6093.
 (/usr/share/texlive/texmf-dist/tex/latex/base/atbegshi-ltx.sty
Package: atbegshi-ltx 2021/01/10 v1.0c Emulation of the original atbegshi
package with kernel methods
)
\Hy@abspage=\count491
\c@Item=\count492
\c@Hfootnote=\count493
)
Package hyperref Info: Driver (autodetected): hpdftex.
 (/usr/share/texlive/texmf-dist/tex/latex/hyperref/hpdftex.def
File: hpdftex.def 2024-01-20 v7.01h Hyperref driver for pdfTeX
 (/usr/share/texlive/texmf-dist/tex/latex/base/atveryend-ltx.sty
Package: atveryend-ltx 2020/08/19 v1.0a Emulation of the original atveryend package
with kernel methods
)
\Fld@listcount=\count494
\c@bookmark@seq@number=\count495
 (/usr/share/texlive/texmf-dist/tex/latex/rerunfilecheck/rerunfilecheck.sty
Package: rerunfilecheck 2022-07-10 v1.10 Rerun checks for auxiliary files (HO)
 (/usr/share/texlive/texmf-dist/tex/generic/uniquecounter/uniquecounter.sty
Package: uniquecounter 2019/12/15 v1.4 Provide unlimited unique counter (HO)
)
Package uniquecounter Info: New unique counter `rerunfilecheck' on input line 285.
)
\Hy@SectionHShift=\skip118
) (/usr/share/texlive/texmf-dist/tex/latex/oberdiek/hypcap.sty
Package: hypcap 2016/05/16 v1.12 Adjusting the anchors of captions (HO)
 (/usr/share/texlive/texmf-dist/tex/latex/letltxmacro/letltxmacro.sty
Package: letltxmacro 2019/12/03 v1.6 Let assignment for LaTeX macros (HO)
)) (/usr/share/texlive/texmf-dist/tex/latex/graphics/rotating.sty
Package: rotating 2016/08/11 v2.16d rotated objects in LaTeX
 (/usr/share/texlive/texmf-dist/tex/latex/graphics/graphicx.sty
Package: graphicx 2021/09/16 v1.2d Enhanced LaTeX Graphics (DPC,SPQR)
 (/usr/share/texlive/texmf-dist/tex/latex/graphics/graphics.sty
Package: graphics 2022/03/10 v1.4e Standard LaTeX Graphics (DPC,SPQR)
 (/usr/share/texlive/texmf-dist/tex/latex/graphics/trig.sty
Package: trig 2021/08/11 v1.11 sin cos tan (DPC)
) (/usr/share/texlive/texmf-dist/tex/latex/graphics-cfg/graphics.cfg
File: graphics.cfg 2016/06/04 v1.11 sample graphics configuration
)
Package graphics Info: Driver file: pdftex.def on input line 107.
)
\Gin@req@height=\dimen260
\Gin@req@width=\dimen261
)
\c@r@tfl@t=\count496
\rotFPtop=\skip119
\rotFPbot=\skip120
\rot@float@box=\box127
\rot@mess@toks=\toks38
) (/usr/share/texlive/texmf-dist/tex/latex/vmargin/vmargin.sty
Package: vmargin 2004/07/15 V2.5 set document margins (VK)

Package: vmargin 2004/07/15 V2.5 set document margins (VK)
\PaperWidth=\dimen262
\PaperHeight=\dimen263
) (/usr/share/texlive/texmf-dist/tex/latex/fancyhdr/fancyhdr.sty
Package: fancyhdr 2022/11/09 v4.1 Extensive control of page headers and footers
\f@nch@headwidth=\skip121
\f@nch@O@elh=\skip122
\f@nch@O@erh=\skip123
\f@nch@O@olh=\skip124
\f@nch@O@orh=\skip125
\f@nch@O@elf=\skip126
\f@nch@O@erf=\skip127
\f@nch@O@olf=\skip128
\f@nch@O@orf=\skip129
) (/usr/share/texlive/texmf-dist/tex/latex/lastpage/lastpage.sty
Package: lastpage 2023/10/14 v2.0e lastpage: 2.09 or 2e? (HMM)
 (/usr/share/texlive/texmf-dist/tex/latex/lastpage/lastpage2e.sty
Package: lastpage2e 2023/10/14 v2.0e Decide which 2e lastpage version to use (HMM)
 (/usr/share/texlive/texmf-dist/tex/latex/lastpage/lastpagemodern.sty
Package: lastpagemodern 2023-10-14 v2.0e Refers to last page's name (HMM; JPG)
\c@lastpagecount=\count497
) 
))
\@indexfile=\write4
\openout4 = `main.idx'.


Writing index file main.idx
\@nomenclaturefile=\write5
\openout5 = `main.nlo'.

Package nomencl Info: Writing nomenclature file main.nlo on input line 408.
)
Package csquotes Info: Checking for multilingual support...
Package csquotes Info: ... found 'babel' package.
Package csquotes Info: Adjusting default style.
Package csquotes Info: Redefining alias 'default' -> 'spanish'.
 (./main.aux (./body/Portada.aux)
LaTeX Info: Redefining \. on input line 13.
LaTeX Info: Redefining \% on input line 13.
 (./body/Declaratoria.aux) (./body/tribunal_licel.aux) (./body/acta_licel.aux) (./body/Resumen.aux) (./body/Dedicatoria.aux) (./body/Agradecimientos.aux) (./body/notation.aux) (./body/glosario.aux) (./body/Introduccion.aux) (./body/Marco_Teorico.aux

LaTeX Warning: Label `fig:ambar' multiply defined.


LaTeX Warning: Label `fig:ambar' multiply defined.


LaTeX Warning: Label `fig:ambar' multiply defined.


LaTeX Warning: Label `fig:ambar' multiply defined.


LaTeX Warning: Label `fig:ambar' multiply defined.


LaTeX Warning: Label `fig:resistencia_a_tierra' multiply defined.


LaTeX Warning: Label `fig:resistencia_a_tierra' multiply defined.


LaTeX Warning: Label `fig:resistencia_a_tierra' multiply defined.


LaTeX Warning: Label `fig:resistencia_a_tierra' multiply defined.


LaTeX Warning: Label `fig:resistencia_a_tierra' multiply defined.


LaTeX Warning: Label `fig:resistencia_a_tierra' multiply defined.


LaTeX Warning: Label `fig:resistencia_a_tierra' multiply defined.


LaTeX Warning: Label `fig:resistencia_a_tierra' multiply defined.


LaTeX Warning: Label `fig:resistencia_a_tierra' multiply defined.


LaTeX Warning: Label `fig:resistencia_a_tierra' multiply defined.


LaTeX Warning: Label `fig:desco19240' multiply defined.


LaTeX Warning: Label `fig:fig1' multiply defined.


LaTeX Warning: Label `sub@fig:fig1' multiply defined.


LaTeX Warning: Label `fig:fig2' multiply defined.


LaTeX Warning: Label `sub@fig:fig2' multiply defined.


LaTeX Warning: Label `fig:comparacion' multiply defined.


LaTeX Warning: Label `fig:fig1' multiply defined.


LaTeX Warning: Label `sub@fig:fig1' multiply defined.


LaTeX Warning: Label `fig:fig2' multiply defined.


LaTeX Warning: Label `sub@fig:fig2' multiply defined.


LaTeX Warning: Label `fig:comparacion' multiply defined.

) (./body/Desc_Solucion.aux) (./body/Hipot_y_Obj.aux) (./body/Experimento_Pre.aux) (./body/Cronograma.aux) (./body/apendice.aux))
\openout1 = `main.aux'.

LaTeX Font Info:    Checking defaults for OML/cmm/m/it on input line 97.
LaTeX Font Info:    ... okay on input line 97.
LaTeX Font Info:    Checking defaults for OMS/cmsy/m/n on input line 97.
LaTeX Font Info:    ... okay on input line 97.
LaTeX Font Info:    Checking defaults for OT1/cmr/m/n on input line 97.
LaTeX Font Info:    ... okay on input line 97.
LaTeX Font Info:    Checking defaults for T1/cmr/m/n on input line 97.
LaTeX Font Info:    ... okay on input line 97.
LaTeX Font Info:    Checking defaults for TS1/cmr/m/n on input line 97.
LaTeX Font Info:    ... okay on input line 97.
LaTeX Font Info:    Checking defaults for OMX/cmex/m/n on input line 97.
LaTeX Font Info:    ... okay on input line 97.
LaTeX Font Info:    Checking defaults for U/cmr/m/n on input line 97.
LaTeX Font Info:    ... okay on input line 97.
LaTeX Font Info:    Checking defaults for PD1/pdf/m/n on input line 97.
LaTeX Font Info:    ... okay on input line 97.
LaTeX Font Info:    Checking defaults for PU/pdf/m/n on input line 97.
LaTeX Font Info:    ... okay on input line 97.
Package caption Info: Begin \AtBeginDocument code.
Package caption Info: float package is loaded.
Package caption Info: hyperref package is loaded.
Package caption Info: hypcap package is loaded.
Package caption Info: longtable package is loaded.
 (/usr/share/texlive/texmf-dist/tex/latex/caption/ltcaption.sty
Package: ltcaption 2021/01/08 v1.4c longtable captions (AR)
)
Package caption Info: rotating package is loaded.
Package caption Info: End \AtBeginDocument code.
Package biblatex Info: Trying to load language 'spanish'...
Package biblatex Info: ... file 'spanish.lbx' found.
 (/usr/share/texlive/texmf-dist/tex/latex/biblatex/lbx/spanish.lbx
File: spanish.lbx 2023/03/05 v3.19 biblatex localization (PK/MW)
)
Package biblatex Info: Input encoding 'utf8' detected.
Package biblatex Info: Automatic encoding selection.
(biblatex)             Assuming data encoding 'utf8'.
\openout3 = `main.bcf'.

Package biblatex Info: Trying to load bibliographic data...
Package biblatex Info: ... file 'main.bbl' found.
 (./main.bbl)
Package biblatex Info: Reference section=0 on input line 97.
Package biblatex Info: Reference segment=0 on input line 97.
LaTeX Info: Redefining \sptext on input line 97.
LaTeX Info: Redefining \. on input line 97.
LaTeX Info: Redefining \% on input line 97.
 (/usr/share/texlive/texmf-dist/tex/latex/translations/translations-basic-dictionary-spanish.trsl
File: translations-basic-dictionary-spanish.trsl (spanish translation file `translations-basic-dictionary')
)
Package translations Info: loading dictionary `translations-basic-dictionary' for `spanish'. on input line 97.
 (/usr/share/texlive/texmf-dist/tex/context/base/mkii/supp-pdf.mkii
[Loading MPS to PDF converter (version 2006.09.02).]
\scratchcounter=\count498
\scratchdimen=\dimen264
\scratchbox=\box128
\nofMPsegments=\count499
\nofMParguments=\count500
\everyMPshowfont=\toks39
\MPscratchCnt=\count501
\MPscratchDim=\dimen265
\MPnumerator=\count502
\makeMPintoPDFobject=\count503
\everyMPtoPDFconversion=\toks40
) (/usr/share/texlive/texmf-dist/tex/latex/epstopdf-pkg/epstopdf-base.sty
Package: epstopdf-base 2020-01-24 v2.11 Base part for package epstopdf
Package epstopdf-base Info: Redefining graphics rule for `.eps' on input line 485.
 (/usr/share/texlive/texmf-dist/tex/latex/latexconfig/epstopdf-sys.cfg
File: epstopdf-sys.cfg 2010/07/13 v1.3 Configuration of (r)epstopdf for TeX Live
))
Package hyperref Info: Link coloring ON on input line 97.
 (./main.out) (./main.out)
\@outlinefile=\write6
\openout6 = `main.out'.

\openout2 = `body/Portada.aux'.

 (./body/Portada.tex
<pics/Firma_TEC-4.pdf, id=156, 201.75375pt x 41.15375pt>
File: pics/Firma_TEC-4.pdf Graphic file (type pdf)
<use pics/Firma_TEC-4.pdf>
Package pdftex.def Info: pics/Firma_TEC-4.pdf  used on input line 25.
(pdftex.def)             Requested size: 170.71652pt x 34.82323pt.
 [1


{/var/lib/texmf/fonts/map/pdftex/updmap/pdftex.map} <./pics/Firma_TEC-4.pdf>])
\openout2 = `body/Declaratoria.aux'.

 (./body/Declaratoria.tex [2




])
\openout2 = `body/tribunal_licel.aux'.

 (./body/tribunal_licel.tex
LaTeX Font Info:    Trying to load font information for U+msa on input line 6.
 (/usr/share/texlive/texmf-dist/tex/latex/amsfonts/umsa.fd
File: umsa.fd 2013/01/14 v3.01 AMS symbols A
)
LaTeX Font Info:    Trying to load font information for U+msb on input line 6.
 (/usr/share/texlive/texmf-dist/tex/latex/amsfonts/umsb.fd
File: umsb.fd 2013/01/14 v3.01 AMS symbols B
)
LaTeX Font Info:    Trying to load font information for U+rsfs on input line 6.
 (/usr/share/texlive/texmf-dist/tex/latex/jknapltx/ursfs.fd
File: ursfs.fd 1998/03/24 rsfs font definition file (jk)
)
LaTeX Font Info:    Trying to load font information for U+trsy on input line 6.
 (/usr/share/texlive/texmf-dist/tex/latex/trsym/utrsy.fd
File: utrsy.fd 2000/06/25v1.0transformation symbol font definitions
)
LaTeX Font Info:    Trying to load font information for U+stmry on input line 6.
 (/usr/share/texlive/texmf-dist/tex/latex/stmaryrd/Ustmry.fd) [3




])
\openout2 = `body/acta_licel.aux'.

 (./body/acta_licel.tex [4




])
\openout2 = `body/Resumen.aux'.

 (./body/Resumen.tex [5





]) [6

]
\openout2 = `body/Dedicatoria.aux'.

 (./body/Dedicatoria.tex) [7




]
\openout2 = `body/Agradecimientos.aux'.

 (./body/Agradecimientos.tex) [8




] (./main.toc
LaTeX Info: Redefining \sptext on input line 1.
LaTeX Info: Redefining \. on input line 1.
LaTeX Info: Redefining \% on input line 1.
LaTeX Font Info:    Font shape `OT1/cmr/bx/sc' in size <12> not available
(Font)              Font shape `OT1/cmr/b/sc' tried instead on input line 4.
 [1



])
\tf@toc=\write7
\openout7 = `main.toc'.

LaTeX Info: Redefining \sptext on input line 138.
LaTeX Info: Redefining \. on input line 138.
LaTeX Info: Redefining \% on input line 138.
 [2] (./main.lof
LaTeX Info: Redefining \sptext on input line 1.
LaTeX Info: Redefining \. on input line 1.
LaTeX Info: Redefining \% on input line 1.
)
\tf@lof=\write8
\openout8 = `main.lof'.

 [3

] (./main.lot
LaTeX Info: Redefining \sptext on input line 1.
LaTeX Info: Redefining \. on input line 1.
LaTeX Info: Redefining \% on input line 1.

Overfull \hbox (24.03021pt too wide) in paragraph at lines 4--4
 [][] []\OT1/cmr/m/n/12 Clasificaci^^Son de com-po-nen-tes ESD seg^^Sun el mo-de-lo HBM (AN-SI/ESDA/JEDEC 
 []

)
\tf@lot=\write9
\openout9 = `main.lot'.

 [4

]
\openout2 = `body/notation.aux'.

 (./body/notation.tex) [5


]
\openout2 = `body/glosario.aux'.

 (./body/glosario.tex) [6




]
\openout2 = `body/Introduccion.aux'.

 (./body/Introduccion.tex
Cap\'{\i }tulo 1.
[1





])
LaTeX Info: Redefining \sptext on input line 156.
LaTeX Info: Redefining \. on input line 156.
LaTeX Info: Redefining \% on input line 156.
 [2]
\openout2 = `body/Marco_Teorico.aux'.

 (./body/Marco_Teorico.tex
Cap\'{\i }tulo 2.
<pics/TF1_1.jpg, id=379, 1806.75pt x 1478.52374pt>
File: pics/TF1_1.jpg Graphic file (type jpg)
<use pics/TF1_1.jpg>
Package pdftex.def Info: pics/TF1_1.jpg  used on input line 13.
(pdftex.def)             Requested size: 181.98105pt x 148.92137pt.
[3




 <./pics/TF1_1.jpg>]
<pics/TF1_2.png, id=390, 362.35374pt x 359.3425pt>
File: pics/TF1_2.png Graphic file (type png)
<use pics/TF1_2.png>
Package pdftex.def Info: pics/TF1_2.png  used on input line 49.
(pdftex.def)             Requested size: 181.98105pt x 180.47133pt.
<pics/TF1_3.jpg, id=394, 481.8pt x 271.0125pt>
File: pics/TF1_3.jpg Graphic file (type jpg)
<use pics/TF1_3.jpg>
Package pdftex.def Info: pics/TF1_3.jpg  used on input line 60.
(pdftex.def)             Requested size: 227.47978pt x 127.95482pt.
LaTeX Info: Redefining \sptext on input line 64.
LaTeX Info: Redefining \. on input line 64.
LaTeX Info: Redefining \% on input line 64.
 [4 <./pics/TF1_2.png>]
<pics/TF1_4.png, id=403, 1154.3125pt x 900.36375pt>
File: pics/TF1_4.png Graphic file (type png)
<use pics/TF1_4.png>
Package pdftex.def Info: pics/TF1_4.png  used on input line 76.
(pdftex.def)             Requested size: 250.22916pt x 195.16809pt.
LaTeX Info: Redefining \sptext on input line 93.
LaTeX Info: Redefining \. on input line 93.
LaTeX Info: Redefining \% on input line 93.
 [5 <./pics/TF1_3.jpg> <./pics/TF1_4.png>]
<pics/TF1_5.png, id=417, 1064.97874pt x 650.43pt>
File: pics/TF1_5.png Graphic file (type png)
<use pics/TF1_5.png>
Package pdftex.def Info: pics/TF1_5.png  used on input line 113.
(pdftex.def)             Requested size: 250.22916pt x 152.82129pt.
<pics/TF1_6.png, id=421, 508.7808pt x 340.3917pt>
File: pics/TF1_6.png Graphic file (type png)
<use pics/TF1_6.png>
Package pdftex.def Info: pics/TF1_6.png  used on input line 132.
(pdftex.def)             Requested size: 295.72095pt x 197.85841pt.
LaTeX Info: Redefining \sptext on input line 136.
LaTeX Info: Redefining \. on input line 136.
LaTeX Info: Redefining \% on input line 136.
 [6 <./pics/TF1_5.png>]
Underfull \hbox (badness 8019) in paragraph at lines 142--142
[][]|[]\OT1/cmr/m/n/12 Clasificaci^^Son de com-po-nen-tes ESD seg^^Sun el mo-de-lo HBM (AN-
 []

<pics/TF1_7.png, id=427, 491.8375pt x 320.19624pt>
File: pics/TF1_7.png Graphic file (type png)
<use pics/TF1_7.png>
Package pdftex.def Info: pics/TF1_7.png  used on input line 170.
(pdftex.def)             Requested size: 204.73041pt x 133.28447pt.
<pics/TF1_8.png, id=430, 470.75874pt x 331.2375pt>
File: pics/TF1_8.png Graphic file (type png)
<use pics/TF1_8.png>
Package pdftex.def Info: pics/TF1_8.png  used on input line 177.
(pdftex.def)             Requested size: 204.73041pt x 144.05176pt.
LaTeX Info: Redefining \sptext on input line 185.
LaTeX Info: Redefining \. on input line 185.
LaTeX Info: Redefining \% on input line 185.
[7 <./pics/TF1_6.png>]
LaTeX Info: Redefining \sptext on input line 221.
LaTeX Info: Redefining \. on input line 221.
LaTeX Info: Redefining \% on input line 221.
 [8 <./pics/TF1_7.png> <./pics/TF1_8.png>]
<pics/TF2_1.jpg, id=449, 983.675pt x 655.44875pt>
File: pics/TF2_1.jpg Graphic file (type jpg)
<use pics/TF2_1.jpg>
Package pdftex.def Info: pics/TF2_1.jpg  used on input line 232.
(pdftex.def)             Requested size: 295.72095pt x 197.04619pt.
LaTeX Info: Redefining \sptext on input line 259.
LaTeX Info: Redefining \. on input line 259.
LaTeX Info: Redefining \% on input line 259.
 [9 <./pics/TF2_1.jpg>]
<pics/TF3_1.png, id=463, 696.6025pt x 449.68pt>
File: pics/TF3_1.png Graphic file (type png)
<use pics/TF3_1.png>
Package pdftex.def Info: pics/TF3_1.png  used on input line 279.
(pdftex.def)             Requested size: 295.72095pt x 190.89532pt.
LaTeX Info: Redefining \sptext on input line 288.
LaTeX Info: Redefining \. on input line 288.
LaTeX Info: Redefining \% on input line 288.
 [10 <./pics/TF3_1.png>]
<pics/TF4_1.png, id=471, 827.09pt x 612.2875pt>
File: pics/TF4_1.png Graphic file (type png)
<use pics/TF4_1.png>
Package pdftex.def Info: pics/TF4_1.png  used on input line 291.
(pdftex.def)             Requested size: 295.72095pt x 218.91914pt.
<pics/TF4_2.png, id=475, 842.14626pt x 606.265pt>
File: pics/TF4_2.png Graphic file (type png)
<use pics/TF4_2.png>
Package pdftex.def Info: pics/TF4_2.png  used on input line 302.
(pdftex.def)             Requested size: 295.72095pt x 212.88974pt.
LaTeX Info: Redefining \sptext on input line 314.
LaTeX Info: Redefining \. on input line 314.
LaTeX Info: Redefining \% on input line 314.
 [11 <./pics/TF4_1.png> <./pics/TF4_2.png>]
<pics/TF3_2.png, id=485, 807.015pt x 366.36874pt>
File: pics/TF3_2.png Graphic file (type png)
<use pics/TF3_2.png>
Package pdftex.def Info: pics/TF3_2.png  used on input line 317.
(pdftex.def)             Requested size: 295.72095pt x 134.25175pt.
<pics/TF3_3.png, id=488, 850.17625pt x 634.37pt>
File: pics/TF3_3.png Graphic file (type png)
<use pics/TF3_3.png>
Package pdftex.def Info: pics/TF3_3.png  used on input line 324.
(pdftex.def)             Requested size: 295.72095pt x 220.6583pt.
LaTeX Info: Redefining \sptext on input line 336.
LaTeX Info: Redefining \. on input line 336.
LaTeX Info: Redefining \% on input line 336.
 [12 <./pics/TF3_2.png> <./pics/TF3_3.png>]
<pics/TF4_3.png, id=498, 630.355pt x 324.21124pt>
File: pics/TF4_3.png Graphic file (type png)
<use pics/TF4_3.png>
Package pdftex.def Info: pics/TF4_3.png  used on input line 339.
(pdftex.def)             Requested size: 295.72095pt x 152.09732pt.
<pics/TF4_4.png, id=502, 830.10126pt x 555.07375pt>
File: pics/TF4_4.png Graphic file (type png)
<use pics/TF4_4.png>
Package pdftex.def Info: pics/TF4_4.png  used on input line 352.
(pdftex.def)             Requested size: 295.72095pt x 197.74283pt.
<pics/TF4_5.png, id=505, 829.0975pt x 487.8225pt>
File: pics/TF4_5.png Graphic file (type png)
<use pics/TF4_5.png>
Package pdftex.def Info: pics/TF4_5.png  used on input line 362.
(pdftex.def)             Requested size: 295.72095pt x 173.99326pt.
LaTeX Info: Redefining \sptext on input line 366.
LaTeX Info: Redefining \. on input line 366.
LaTeX Info: Redefining \% on input line 366.
 [13 <./pics/TF4_3.png> <./pics/TF4_4.png>]
<pics/TF4_6.png, id=514, 836.12375pt x 368.37625pt>
File: pics/TF4_6.png Graphic file (type png)
<use pics/TF4_6.png>
Package pdftex.def Info: pics/TF4_6.png  used on input line 371.
(pdftex.def)             Requested size: 295.72095pt x 130.28825pt.

Overfull \hbox (2.27179pt too wide) in paragraph at lines 376--377
[]\OT1/cmr/m/n/12 Finalmente si se de-sea-ra mu-cha m^^Sas pre-ci-si^^Son se podr^^S^^Pa op-tar por el di-se~no de un electr^^Some-
 []

<pics/TF4_7.png, id=517, 843.15pt x 755.82375pt>
File: pics/TF4_7.png Graphic file (type png)
<use pics/TF4_7.png>
Package pdftex.def Info: pics/TF4_7.png  used on input line 380.
(pdftex.def)             Requested size: 295.72095pt x 265.09586pt.
LaTeX Info: Redefining \sptext on input line 384.
LaTeX Info: Redefining \. on input line 384.
LaTeX Info: Redefining \% on input line 384.
[14 <./pics/TF4_5.png> <./pics/TF4_6.png>]
LaTeX Info: Redefining \sptext on input line 385.
LaTeX Info: Redefining \. on input line 385.
LaTeX Info: Redefining \% on input line 385.
 [15 <./pics/TF4_7.png>]
Cap\'{\i }tulo 3.
<pics/SA1_01.png, id=532, 861.2175pt x 421.575pt>
File: pics/SA1_01.png Graphic file (type png)
<use pics/SA1_01.png>
Package pdftex.def Info: pics/SA1_01.png  used on input line 401.
(pdftex.def)             Requested size: 363.96904pt x 178.1667pt.
<pics/SA1_02.png, id=535, 850.17625pt x 561.09625pt>
File: pics/SA1_02.png Graphic file (type png)
<use pics/SA1_02.png>
Package pdftex.def Info: pics/SA1_02.png  used on input line 408.
(pdftex.def)             Requested size: 363.96904pt x 240.21361pt.
[16

 <./pics/SA1_01.png>]
Overfull \hbox (7.09813pt too wide) in paragraph at lines 413--417
[]\OT1/cmr/m/n/12 En el tra-ba-jo de Xu [[][]28[][]] se di-se~na un sis-te-ma de me-di-ci^^Son de pre-sen-cia de car-ga electr^^Soest^^Sati-
 []

<pics/SA1_03.png, id=544, 900.36375pt x 612.2875pt>
File: pics/SA1_03.png Graphic file (type png)
<use pics/SA1_03.png>
Package pdftex.def Info: pics/SA1_03.png  used on input line 420.
(pdftex.def)             Requested size: 363.96904pt x 247.51729pt.
LaTeX Info: Redefining \sptext on input line 429.
LaTeX Info: Redefining \. on input line 429.
LaTeX Info: Redefining \% on input line 429.
[17 <./pics/SA1_02.png> <./pics/SA1_03.png>]
<pics/SA1_04.png, id=557, 1026.83624pt x 533.995pt>
File: pics/SA1_04.png Graphic file (type png)
<use pics/SA1_04.png>
Package pdftex.def Info: pics/SA1_04.png  used on input line 451.
(pdftex.def)             Requested size: 272.97852pt x 141.95615pt.
<pics/SA1_05.png, id=561, 684.5575pt x 447.6725pt>
File: pics/SA1_05.png Graphic file (type png)
<use pics/SA1_05.png>
Package pdftex.def Info: pics/SA1_05.png  used on input line 464.
(pdftex.def)             Requested size: 272.97852pt x 178.51935pt.
LaTeX Info: Redefining \sptext on input line 477.
LaTeX Info: Redefining \. on input line 477.
LaTeX Info: Redefining \% on input line 477.
 [18 <./pics/SA1_04.png>]
LaTeX Info: Redefining \sptext on input line 536.
LaTeX Info: Redefining \. on input line 536.
LaTeX Info: Redefining \% on input line 536.
 [19 <./pics/SA1_05.png>]
LaTeX Info: Redefining \sptext on input line 553.
LaTeX Info: Redefining \. on input line 553.
LaTeX Info: Redefining \% on input line 553.
 [20]
<pics/SAL4_01.jpg, id=594, 225.84375pt x 225.84375pt>
File: pics/SAL4_01.jpg Graphic file (type jpg)
<use pics/SAL4_01.jpg>
Package pdftex.def Info: pics/SAL4_01.jpg  used on input line 569.
(pdftex.def)             Requested size: 181.98105pt x 181.99164pt.
<pics/SAL4_02.jpg, id=598, 225.84375pt x 225.84375pt>
File: pics/SAL4_02.jpg Graphic file (type jpg)
<use pics/SAL4_02.jpg>
Package pdftex.def Info: pics/SAL4_02.jpg  used on input line 582.
(pdftex.def)             Requested size: 181.98105pt x 181.99164pt.
LaTeX Info: Redefining \sptext on input line 586.
LaTeX Info: Redefining \. on input line 586.
LaTeX Info: Redefining \% on input line 586.
 [21 <./pics/SAL4_01.jpg>]
<pics/SAL4_03.jpg, id=608, 642.4pt x 642.4pt>
File: pics/SAL4_03.jpg Graphic file (type jpg)
<use pics/SAL4_03.jpg>
Package pdftex.def Info: pics/SAL4_03.jpg  used on input line 597.
(pdftex.def)             Requested size: 204.73041pt x 204.7292pt.
<pics/SAL4_04.png, id=611, 585.18625pt x 590.205pt>
File: pics/SAL4_04.png Graphic file (type png)
<use pics/SAL4_04.png>
Package pdftex.def Info: pics/SAL4_04.png  used on input line 604.
(pdftex.def)             Requested size: 204.73041pt x 206.48479pt.

Overfull \hbox (2.71062pt too wide) in paragraph at lines 587--611
[]\OT1/cmr/m/n/12 Luego te-ne-mos a la em-pre-sa Trans-for-ming Tech-no-lo-gies, la cual ofre-ce su pro-duc-to PGT120
 []

<pics/SAL4_05.jpg, id=616, 738.76pt x 512.91624pt>
File: pics/SAL4_05.jpg Graphic file (type jpg)
<use pics/SAL4_05.jpg>
Package pdftex.def Info: pics/SAL4_05.jpg  used on input line 623.
(pdftex.def)             Requested size: 204.73041pt x 142.1442pt.
<pics/SAL4_06.png, id=619, 651.8754pt x 317.988pt>
File: pics/SAL4_06.png Graphic file (type png)
<use pics/SAL4_06.png>
Package pdftex.def Info: pics/SAL4_06.png  used on input line 630.
(pdftex.def)             Requested size: 204.73041pt x 99.8659pt.
LaTeX Info: Redefining \sptext on input line 638.
LaTeX Info: Redefining \. on input line 638.
LaTeX Info: Redefining \% on input line 638.
[22 <./pics/SAL4_02.jpg> <./pics/SAL4_03.jpg> <./pics/SAL4_04.png>])
LaTeX Info: Redefining \sptext on input line 157.
LaTeX Info: Redefining \. on input line 157.
LaTeX Info: Redefining \% on input line 157.
 [23 <./pics/SAL4_05.jpg> <./pics/SAL4_06.png>]
\openout2 = `body/Desc_Solucion.aux'.

 (./body/Desc_Solucion.tex
Cap\'{\i }tulo 4.
) [24




]
\openout2 = `body/Hipot_y_Obj.aux'.

 (./body/Hipot_y_Obj.tex
Cap\'{\i }tulo 5.
[25




])
LaTeX Info: Redefining \sptext on input line 160.
LaTeX Info: Redefining \. on input line 160.
LaTeX Info: Redefining \% on input line 160.
 [26]
\openout2 = `body/Experimento_Pre.aux'.

 (./body/Experimento_Pre.tex
Cap\'{\i }tulo 6.
) [27




]
\openout2 = `body/Cronograma.aux'.

 (./body/Cronograma.tex
Cap\'{\i }tulo 7.
) [28




]
Overfull \hbox (1.34828pt too wide) in paragraph at lines 170--170
[]\OT1/cmr/m/n/12 American Na-tio-nal Stan-dards Ins-ti-tu-te. \OT1/cmr/m/it/12 AN-SI/ESD S20.20-2021: Pro-tec-tion of Elec-
 []

LaTeX Font Info:    Trying to load font information for U+lasy on input line 170.
(/usr/share/texlive/texmf-dist/tex/latex/base/ulasy.fd
File: ulasy.fd 1998/08/17 v2.2e LaTeX symbol font definitions
)
Overfull \hbox (33.84906pt too wide) in paragraph at lines 170--170
\OT1/cmr/m/n/12 wrist strap re-sis-tan-ce. 2023. \OT1/cmr/m/sc/12 url\OT1/cmr/m/n/12 : [][]$\OT1/cmtt/m/n/12 https : / / desco . descoindustries . com / DescoCatalog /
 []

[29



{/usr/share/texmf/fonts/enc/dvips/cm-super/cm-super-ts1.enc}]
LaTeX Info: Redefining \sptext on input line 170.
LaTeX Info: Redefining \. on input line 170.
LaTeX Info: Redefining \% on input line 170.
 [30]
Overfull \hbox (8.3181pt too wide) in paragraph at lines 170--170
[][]$\OT1/cmtt/m/n/12 https : / / www . versalogic . com / wp -[] content / themes / vsl -[] new / assets / resources /
 []

LaTeX Info: Redefining \sptext on input line 177.
LaTeX Info: Redefining \. on input line 177.
LaTeX Info: Redefining \% on input line 177.
[31]
\openout2 = `body/apendice.aux'.

 (./body/apendice.tex
Ap\'{e}ndice A.
) [32


] (./main.ind) 
enddocument/afterlastpage: lastpage setting LastPage.
(./main.aux (./body/Portada.aux)
LaTeX Info: Redefining \sptext on input line 13.
LaTeX Info: Redefining \. on input line 13.
LaTeX Info: Redefining \% on input line 13.
 (./body/Declaratoria.aux) (./body/tribunal_licel.aux) (./body/acta_licel.aux) (./body/Resumen.aux) (./body/Dedicatoria.aux) (./body/Agradecimientos.aux) (./body/notation.aux) (./body/glosario.aux) (./body/Introduccion.aux) (./body/Marco_Teorico.aux) (./body/Desc_Solucion.aux) (./body/Hipot_y_Obj.aux) (./body/Experimento_Pre.aux) (./body/Cronograma.aux) (./body/apendice.aux))
 ***********
LaTeX2e <2023-11-01> patch level 1
L3 programming layer <2024-01-22>
 ***********


LaTeX Warning: There were multiply-defined labels.

Package rerunfilecheck Info: File `main.out' has not changed.
(rerunfilecheck)             Checksum: 2EFBD392A7887F935745FED20A1BDD5E;7116.
Package logreq Info: Writing requests to 'main.run.xml'.
\openout1 = `main.run.xml'.

 ) 
Here is how much of TeX's memory you used:
 29309 strings out of 474222
 569373 string characters out of 5748733
 1942975 words of memory out of 5000000
 50890 multiletter control sequences out of 15000+600000
 571522 words of font info for 91 fonts, out of 8000000 for 9000
 1141 hyphenation exceptions out of 8191
 115i,12n,110p,1244b,3208s stack positions out of 10000i,1000n,20000p,200000b,200000s
 </home/randy/.texlive2023/texmf-var/fonts/pk/ljfour/public/cm-mf-extra-bold/cmbcsc10.720pk></usr/share/texlive/texmf-dist/fonts/type1/public/amsfonts/cm/cmbx10.pfb></usr/share/texlive/texmf-dist/fonts/type1/public/amsfonts/cm/cmbx12.pfb></usr/share/texlive/texmf-dist/fonts/type1/public/amsfonts/cm/cmcsc10.pfb></usr/share/texlive/texmf-dist/fonts/type1/public/amsfonts/cm/cmmi12.pfb></usr/share/texlive/texmf-dist/fonts/type1/public/amsfonts/cm/cmmi8.pfb></usr/share/texlive/texmf-dist/fonts/type1/public/amsfonts/cm/cmr10.pfb></usr/share/texlive/texmf-dist/fonts/type1/public/amsfonts/cm/cmr12.pfb></usr/share/texlive/texmf-dist/fonts/type1/public/amsfonts/cm/cmr8.pfb></usr/share/texlive/texmf-dist/fonts/type1/public/amsfonts/cm/cmsl10.pfb></usr/share/texlive/texmf-dist/fonts/type1/public/amsfonts/cm/cmsl12.pfb></usr/share/texlive/texmf-dist/fonts/type1/public/amsfonts/cm/cmsl8.pfb></usr/share/texlive/texmf-dist/fonts/type1/public/amsfonts/cm/cmsy10.pfb></usr/share/texlive/texmf-dist/fonts/type1/public/amsfonts/cm/cmti12.pfb></usr/share/texlive/texmf-dist/fonts/type1/public/amsfonts/cm/cmtt12.pfb></usr/share/texlive/texmf-dist/fonts/type1/public/amsfonts/latxfont/lasy10.pfb></usr/share/texmf/fonts/type1/public/cm-super/sfti1200.pfb>
Output written on main.pdf (46 pages, 9644106 bytes).
PDF statistics:
 842 PDF objects out of 1000 (max. 8388607)
 671 compressed objects within 7 object streams
 149 named destinations out of 1000 (max. 500000)
 460 words of extra memory for PDF output out of 10000 (max. 10000000)

