\BOOKMARK [0][-]{chapter*.1}{\376\377\000R\000e\000s\000u\000m\000e\000n}{}% 1
\BOOKMARK [0][-]{chapter*.2}{\376\377\000A\000b\000s\000t\000r\000a\000c\000t}{}% 2
\BOOKMARK [1][-]{Indice General.1}{\376\377\000I\000n\000d\000i\000c\000e\000\040\000G\000e\000n\000e\000r\000a\000l}{chapter*.2}% 3
\BOOKMARK [0][-]{chapter*.6}{\376\377\000\315\000n\000d\000i\000c\000e\000\040\000d\000e\000\040\000f\000i\000g\000u\000r\000a\000s}{}% 4
\BOOKMARK [0][-]{chapter*.7}{\376\377\000\315\000n\000d\000i\000c\000e\000\040\000d\000e\000\040\000t\000a\000b\000l\000a\000s}{}% 5
\BOOKMARK [0][-]{chapter*.8}{\376\377\000N\000o\000t\000a\000c\000i\000\363\000n}{}% 6
\BOOKMARK [0][-]{chapter*.9}{\376\377\000G\000l\000o\000s\000a\000r\000i\000o}{}% 7
\BOOKMARK [0][-]{chapter.1}{\376\377\0001\000\040\000I\000n\000t\000r\000o\000d\000u\000c\000c\000i\000\363\000n}{}% 8
\BOOKMARK [1][-]{section.1.1}{\376\377\0001\000.\0001\000\040\000E\000s\000c\000e\000n\000a\000r\000i\000o\000\040\000d\000e\000\040\000a\000p\000l\000i\000c\000a\000c\000i\000\363\000n\000:\000\040\000l\000a\000b\000o\000r\000a\000t\000o\000r\000i\000o\000\040\000T\000E\000M\000\040\000d\000e\000\040\000I\000n\000t\000e\000l\000\040\000C\000o\000s\000t\000a\000\040\000R\000i\000c\000a}{chapter.1}% 9
\BOOKMARK [1][-]{section.1.2}{\376\377\0001\000.\0002\000\040\000M\000o\000t\000i\000v\000a\000c\000i\000\363\000n\000\040\000d\000e\000\040\000u\000n\000a\000\040\000s\000o\000l\000u\000c\000i\000\363\000n\000\040\000d\000e\000\040\000b\000a\000j\000o\000\040\000c\000o\000s\000t\000o}{chapter.1}% 10
\BOOKMARK [1][-]{section.1.3}{\376\377\0001\000.\0003\000\040\000P\000l\000a\000n\000t\000e\000a\000m\000i\000e\000n\000t\000o\000\040\000d\000e\000l\000\040\000P\000r\000o\000b\000l\000e\000m\000a}{chapter.1}% 11
\BOOKMARK [1][-]{section.1.4}{\376\377\0001\000.\0004\000\040\000E\000s\000t\000r\000u\000c\000t\000u\000r\000a\000\040\000d\000e\000l\000\040\000D\000o\000c\000u\000m\000e\000n\000t\000o}{chapter.1}% 12
\BOOKMARK [0][-]{chapter.2}{\376\377\0002\000\040\000M\000a\000r\000c\000o\000\040\000T\000e\000\363\000r\000i\000c\000o}{}% 13
\BOOKMARK [1][-]{section.2.1}{\376\377\0002\000.\0001\000\040\000F\000u\000n\000d\000a\000m\000e\000n\000t\000o\000s\000\040\000d\000e\000\040\000l\000a\000\040\000d\000e\000s\000c\000a\000r\000g\000a\000\040\000e\000l\000e\000c\000t\000r\000o\000s\000t\000\341\000t\000i\000c\000a}{chapter.2}% 14
\BOOKMARK [2][-]{subsection.2.1.1}{\376\377\0002\000.\0001\000.\0001\000\040\000C\000o\000n\000c\000e\000p\000t\000o\000\040\000d\000e\000\040\000E\000S\000D}{section.2.1}% 15
\BOOKMARK [2][-]{subsection.2.1.2}{\376\377\0002\000.\0001\000.\0002\000\040\000M\000o\000d\000e\000l\000o\000\040\000d\000e\000\040\000E\000S\000D\000\040\000H\000B\000M}{section.2.1}% 16
\BOOKMARK [2][-]{subsection.2.1.3}{\376\377\0002\000.\0001\000.\0003\000\040\000I\000n\000f\000l\000u\000e\000n\000c\000i\000a\000\040\000d\000e\000l\000\040\000a\000m\000b\000i\000e\000n\000t\000e}{section.2.1}% 17
\BOOKMARK [1][-]{section.2.2}{\376\377\0002\000.\0002\000\040\000M\000e\000d\000i\000c\000i\000\363\000n\000\040\000d\000e\000\040\000r\000e\000s\000i\000s\000t\000e\000n\000c\000i\000a\000\040\000c\000u\000e\000r\000p\000o\000\040\000a\000\040\000t\000i\000e\000r\000r\000a}{chapter.2}% 18
\BOOKMARK [1][-]{section.2.3}{\376\377\0002\000.\0003\000\040\000M\000e\000d\000i\000c\000i\000\363\000n\000\040\000d\000e\000\040\000a\000l\000t\000a\000\040\000i\000m\000p\000e\000d\000a\000n\000c\000i\000a}{chapter.2}% 19
\BOOKMARK [2][-]{subsection.2.3.1}{\376\377\0002\000.\0003\000.\0001\000\040\000C\000o\000r\000r\000i\000e\000n\000t\000e\000s\000\040\000d\000e\000\040\000f\000u\000g\000a}{section.2.3}% 20
\BOOKMARK [2][-]{subsection.2.3.2}{\376\377\0002\000.\0003\000.\0002\000\040\000E\000f\000e\000c\000t\000o\000s\000\040\000d\000e\000\040\000E\000M\000I\000\040\000y\000\040\000r\000u\000i\000d\000o}{section.2.3}% 21
\BOOKMARK [2][-]{subsection.2.3.3}{\376\377\0002\000.\0003\000.\0003\000\040\000T\000\351\000c\000n\000i\000c\000a\000s\000\040\000d\000e\000\040\000g\000u\000a\000r\000d\000a\000d\000o\000\040\000\050\000g\000u\000a\000r\000d\000i\000n\000g\000\051}{section.2.3}% 22
\BOOKMARK [2][-]{subsection.2.3.4}{\376\377\0002\000.\0003\000.\0004\000\040\000C\000i\000r\000c\000u\000i\000t\000o\000s\000\040\000p\000a\000r\000a\000\040\000m\000e\000d\000i\000c\000i\000\363\000n\000\040\000d\000e\000\040\000a\000l\000t\000a\000s\000\040\000i\000m\000p\000e\000d\000a\000n\000c\000i\000a\000s}{section.2.3}% 23
\BOOKMARK [0][-]{chapter.3}{\376\377\0003\000\040\000E\000s\000t\000a\000d\000o\000\040\000d\000e\000l\000\040\000A\000r\000t\000e}{}% 24
\BOOKMARK [1][-]{section.3.1}{\376\377\0003\000.\0001\000\040\000S\000i\000s\000t\000e\000m\000a\000s\000\040\000E\000S\000D\000\040\000e\000n\000\040\000l\000a\000\040\000l\000i\000t\000e\000r\000a\000t\000u\000r\000a}{chapter.3}% 25
\BOOKMARK [1][-]{section.3.2}{\376\377\0003\000.\0002\000\040\000I\000m\000p\000l\000e\000m\000e\000n\000t\000a\000c\000i\000o\000n\000e\000s\000\040\000d\000e\000\040\000m\000e\000d\000i\000c\000i\000\363\000n\000\040\000d\000e\000\040\000r\000e\000s\000i\000s\000t\000e\000n\000c\000i\000a\000\040\000e\000n\000\040\000s\000i\000s\000t\000e\000m\000a\000s\000\040\000E\000S\000D}{chapter.3}% 26
\BOOKMARK [1][-]{section.3.3}{\376\377\0003\000.\0003\000\040\000N\000o\000r\000m\000a\000t\000i\000v\000a\000s\000\040\000a\000p\000l\000i\000c\000a\000b\000l\000e\000s\000\040\000a\000\040\000s\000i\000s\000t\000e\000m\000a\000s\000\040\000E\000S\000D}{chapter.3}% 27
\BOOKMARK [1][-]{section.3.4}{\376\377\0003\000.\0004\000\040\000S\000i\000s\000t\000e\000m\000a\000s\000\040\000c\000o\000m\000e\000r\000c\000i\000a\000l\000e\000s\000\040\000d\000e\000\040\000c\000o\000n\000t\000r\000o\000l\000\040\000E\000S\000D}{chapter.3}% 28
\BOOKMARK [1][-]{section.3.5}{\376\377\0003\000.\0005\000\040\000L\000i\000m\000i\000t\000a\000c\000i\000o\000n\000e\000s\000\040\000d\000e\000\040\000l\000a\000s\000\040\000s\000o\000l\000u\000c\000i\000o\000n\000e\000s\000\040\000e\000x\000i\000s\000t\000e\000n\000t\000e\000s}{chapter.3}% 29
\BOOKMARK [0][-]{chapter.4}{\376\377\0004\000\040\000S\000o\000l\000u\000c\000i\000\363\000n\000\040\000P\000r\000o\000p\000u\000e\000s\000t\000a}{}% 30
\BOOKMARK [1][-]{section.4.1}{\376\377\0004\000.\0001\000\040\000S\000i\000s\000t\000e\000m\000a\000\040\000d\000e\000\040\000v\000e\000r\000i\000f\000i\000c\000a\000c\000i\000\363\000n\000\040\000E\000S\000D}{chapter.4}% 31
\BOOKMARK [1][-]{section.4.2}{\376\377\0004\000.\0002\000\040\000S\000i\000s\000t\000e\000m\000a\000\040\000d\000e\000\040\000i\000d\000e\000n\000t\000i\000f\000i\000c\000a\000c\000i\000\363\000n\000\040\000d\000e\000\040\000u\000s\000u\000a\000r\000i\000o\000s}{chapter.4}% 32
\BOOKMARK [2][-]{subsection.4.2.1}{\376\377\0004\000.\0002\000.\0001\000\040\000R\000e\000c\000o\000n\000o\000c\000i\000m\000i\000e\000n\000t\000o\000\040\000f\000a\000c\000i\000a\000l}{section.4.2}% 33
\BOOKMARK [2][-]{subsection.4.2.2}{\376\377\0004\000.\0002\000.\0002\000\040\000L\000e\000c\000t\000u\000r\000a\000\040\000d\000e\000\040\000c\000\363\000d\000i\000g\000o\000\040\000d\000e\000\040\000b\000a\000r\000r\000a\000s}{section.4.2}% 34
\BOOKMARK [1][-]{section.4.3}{\376\377\0004\000.\0003\000\040\000S\000i\000s\000t\000e\000m\000a\000\040\000d\000e\000\040\000m\000o\000n\000i\000t\000o\000r\000e\000o\000\040\000a\000m\000b\000i\000e\000n\000t\000a\000l}{chapter.4}% 35
\BOOKMARK [1][-]{section.4.4}{\376\377\0004\000.\0004\000\040\000S\000i\000s\000t\000e\000m\000a\000\040\000d\000e\000\040\000p\000r\000o\000c\000e\000s\000a\000m\000i\000e\000n\000t\000o\000\040\000e\000\040\000i\000n\000t\000e\000r\000f\000a\000z\000\040\000d\000e\000\040\000u\000s\000u\000a\000r\000i\000o}{chapter.4}% 36
\BOOKMARK [2][-]{subsection.4.4.1}{\376\377\0004\000.\0004\000.\0001\000\040\000I\000n\000t\000e\000r\000f\000a\000z\000\040\000g\000r\000\341\000f\000i\000c\000a\000\040\000y\000\040\000a\000l\000m\000a\000c\000e\000n\000a\000m\000i\000e\000n\000t\000o}{section.4.4}% 37
\BOOKMARK [2][-]{subsection.4.4.2}{\376\377\0004\000.\0004\000.\0002\000\040\000C\000o\000n\000t\000r\000o\000l\000a\000d\000o\000r\000\040\000p\000r\000i\000n\000c\000i\000p\000a\000l}{section.4.4}% 38
\BOOKMARK [1][-]{section.4.5}{\376\377\0004\000.\0005\000\040\000S\000i\000s\000t\000e\000m\000a\000\040\000d\000e\000\040\000a\000l\000i\000m\000e\000n\000t\000a\000c\000i\000\363\000n\000\040\000e\000l\000\351\000c\000t\000r\000i\000c\000a}{chapter.4}% 39
\BOOKMARK [2][-]{subsection.4.5.1}{\376\377\0004\000.\0005\000.\0001\000\040\000A\000l\000i\000m\000e\000n\000t\000a\000c\000i\000\363\000n\000\040\000p\000r\000i\000n\000c\000i\000p\000a\000l}{section.4.5}% 40
\BOOKMARK [2][-]{subsection.4.5.2}{\376\377\0004\000.\0005\000.\0002\000\040\000G\000e\000n\000e\000r\000a\000c\000i\000\363\000n\000\040\000d\000e\000\040\000l\000a\000\040\000t\000e\000n\000s\000i\000\363\000n\000\040\000p\000a\000r\000a\000\040\000e\000l\000\040\000t\000e\000s\000t\000e\000r}{section.4.5}% 41
\BOOKMARK [1][-]{section.4.6}{\376\377\0004\000.\0006\000\040\000I\000n\000t\000e\000g\000r\000a\000c\000i\000\363\000n\000\040\000d\000e\000\040\000l\000o\000s\000\040\000s\000u\000b\000s\000i\000s\000t\000e\000m\000a\000s}{chapter.4}% 42
\BOOKMARK [0][-]{chapter.5}{\376\377\0005\000\040\000P\000r\000e\000s\000u\000p\000u\000e\000s\000t\000o}{}% 43
\BOOKMARK [1][-]{section.5.1}{\376\377\0005\000.\0001\000\040\000E\000s\000t\000i\000m\000a\000c\000i\000\363\000n\000\040\000d\000e\000\040\000c\000o\000s\000t\000o\000s\000\040\000d\000e\000\040\000h\000a\000r\000d\000w\000a\000r\000e}{chapter.5}% 44
\BOOKMARK [1][-]{section.5.2}{\376\377\0005\000.\0002\000\040\000C\000o\000s\000t\000o\000s\000\040\000d\000e\000\040\000f\000a\000b\000r\000i\000c\000a\000c\000i\000\363\000n\000\040\000y\000\040\000e\000n\000s\000a\000m\000b\000l\000a\000j\000e}{chapter.5}% 45
\BOOKMARK [1][-]{section.5.3}{\376\377\0005\000.\0003\000\040\000C\000o\000s\000t\000o\000\040\000t\000o\000t\000a\000l\000\040\000e\000s\000t\000i\000m\000a\000d\000o\000\040\000d\000e\000l\000\040\000p\000r\000o\000t\000o\000t\000i\000p\000o}{chapter.5}% 46
\BOOKMARK [1][-]{section.5.4}{\376\377\0005\000.\0004\000\040\000C\000o\000m\000p\000a\000r\000a\000c\000i\000\363\000n\000\040\000c\000o\000n\000\040\000s\000o\000l\000u\000c\000i\000o\000n\000e\000s\000\040\000c\000o\000m\000e\000r\000c\000i\000a\000l\000e\000s}{chapter.5}% 47
\BOOKMARK [1][-]{section.5.5}{\376\377\0005\000.\0005\000\040\000A\000n\000\341\000l\000i\000s\000i\000s\000\040\000e\000c\000o\000n\000\363\000m\000i\000c\000o}{chapter.5}% 48
\BOOKMARK [0][-]{chapter.6}{\376\377\0006\000\040\000H\000i\000p\000\363\000t\000e\000s\000i\000s\000\040\000y\000\040\000O\000b\000j\000e\000t\000i\000v\000o\000s\000\040\000d\000e\000l\000\040\000P\000r\000o\000y\000e\000c\000t\000o}{}% 49
\BOOKMARK [1][-]{section.6.1}{\376\377\0006\000.\0001\000\040\000H\000i\000p\000\363\000t\000e\000s\000i\000s}{chapter.6}% 50
\BOOKMARK [1][-]{section.6.2}{\376\377\0006\000.\0002\000\040\000O\000b\000j\000e\000t\000i\000v\000o\000s}{chapter.6}% 51
\BOOKMARK [2][-]{subsection.6.2.1}{\376\377\0006\000.\0002\000.\0001\000\040\000O\000b\000j\000e\000t\000i\000v\000o\000\040\000G\000e\000n\000e\000r\000a\000l}{section.6.2}% 52
\BOOKMARK [2][-]{subsection.6.2.2}{\376\377\0006\000.\0002\000.\0002\000\040\000O\000b\000j\000e\000t\000i\000v\000o\000s\000\040\000E\000s\000p\000e\000c\000\355\000f\000i\000c\000o\000s}{section.6.2}% 53
\BOOKMARK [1][-]{section.6.3}{\376\377\0006\000.\0003\000\040\000L\000i\000s\000t\000a\000\040\000d\000e\000\040\000t\000a\000r\000e\000a\000s\000\040\000p\000o\000r\000\040\000o\000b\000j\000e\000t\000i\000v\000o}{chapter.6}% 54
\BOOKMARK [2][-]{subsection.6.3.1}{\376\377\0006\000.\0003\000.\0001\000\040\000O\000b\000j\000e\000t\000i\000v\000o\000\040\000E\000s\000p\000e\000c\000\355\000f\000i\000c\000o\000\040\0001}{section.6.3}% 55
\BOOKMARK [2][-]{subsection.6.3.2}{\376\377\0006\000.\0003\000.\0002\000\040\000O\000b\000j\000e\000t\000i\000v\000o\000\040\000E\000s\000p\000e\000c\000\355\000f\000i\000c\000o\000\040\0002}{section.6.3}% 56
\BOOKMARK [2][-]{subsection.6.3.3}{\376\377\0006\000.\0003\000.\0003\000\040\000O\000b\000j\000e\000t\000i\000v\000o\000\040\000E\000s\000p\000e\000c\000\355\000f\000i\000c\000o\000\040\0003}{section.6.3}% 57
\BOOKMARK [2][-]{subsection.6.3.4}{\376\377\0006\000.\0003\000.\0004\000\040\000O\000b\000j\000e\000t\000i\000v\000o\000\040\000E\000s\000p\000e\000c\000\355\000f\000i\000c\000o\000\040\0004}{section.6.3}% 58
\BOOKMARK [2][-]{subsection.6.3.5}{\376\377\0006\000.\0003\000.\0005\000\040\000O\000b\000j\000e\000t\000i\000v\000o\000\040\000E\000s\000p\000e\000c\000\355\000f\000i\000c\000o\000\040\0005}{section.6.3}% 59
\BOOKMARK [1][-]{section.6.4}{\376\377\0006\000.\0004\000\040\000A\000l\000c\000a\000n\000c\000e\000s\000\040\000y\000\040\000L\000i\000m\000i\000t\000a\000c\000i\000o\000n\000e\000s\000\040\000d\000e\000l\000\040\000P\000r\000o\000y\000e\000c\000t\000o}{chapter.6}% 60
\BOOKMARK [2][-]{subsection.6.4.1}{\376\377\0006\000.\0004\000.\0001\000\040\000A\000l\000c\000a\000n\000c\000e\000s}{section.6.4}% 61
\BOOKMARK [2][-]{subsection.6.4.2}{\376\377\0006\000.\0004\000.\0002\000\040\000L\000i\000m\000i\000t\000a\000c\000i\000o\000n\000e\000s}{section.6.4}% 62
\BOOKMARK [0][-]{chapter.7}{\376\377\0007\000\040\000P\000r\000o\000p\000u\000e\000s\000t\000a\000\040\000d\000e\000\040\000V\000a\000l\000i\000d\000a\000c\000i\000\363\000n\000\040\000d\000e\000l\000\040\000S\000i\000s\000t\000e\000m\000a}{}% 63
\BOOKMARK [1][-]{section.7.1}{\376\377\0007\000.\0001\000\040\000E\000s\000t\000r\000a\000t\000e\000g\000i\000a\000\040\000g\000e\000n\000e\000r\000a\000l\000\040\000d\000e\000\040\000v\000a\000l\000i\000d\000a\000c\000i\000\363\000n}{chapter.7}% 64
\BOOKMARK [1][-]{section.7.2}{\376\377\0007\000.\0002\000\040\000V\000a\000l\000i\000d\000a\000c\000i\000\363\000n\000\040\000d\000e\000l\000\040\000s\000u\000b\000s\000i\000s\000t\000e\000m\000a\000\040\000d\000e\000\040\000v\000e\000r\000i\000f\000i\000c\000a\000c\000i\000\363\000n\000\040\000E\000S\000D}{chapter.7}% 65
\BOOKMARK [1][-]{section.7.3}{\376\377\0007\000.\0003\000\040\000V\000a\000l\000i\000d\000a\000c\000i\000\363\000n\000\040\000d\000e\000l\000\040\000s\000u\000b\000s\000i\000s\000t\000e\000m\000a\000\040\000d\000e\000\040\000i\000d\000e\000n\000t\000i\000f\000i\000c\000a\000c\000i\000\363\000n}{chapter.7}% 66
\BOOKMARK [1][-]{section.7.4}{\376\377\0007\000.\0004\000\040\000V\000a\000l\000i\000d\000a\000c\000i\000\363\000n\000\040\000d\000e\000l\000\040\000m\000o\000n\000i\000t\000o\000r\000e\000o\000\040\000a\000m\000b\000i\000e\000n\000t\000a\000l}{chapter.7}% 67
\BOOKMARK [1][-]{section.7.5}{\376\377\0007\000.\0005\000\040\000V\000a\000l\000i\000d\000a\000c\000i\000\363\000n\000\040\000d\000e\000\040\000l\000a\000\040\000i\000n\000t\000e\000r\000f\000a\000z\000\040\000g\000r\000\341\000f\000i\000c\000a}{chapter.7}% 68
\BOOKMARK [1][-]{section.7.6}{\376\377\0007\000.\0006\000\040\000V\000a\000l\000i\000d\000a\000c\000i\000\363\000n\000\040\000d\000e\000l\000\040\000a\000l\000m\000a\000c\000e\000n\000a\000m\000i\000e\000n\000t\000o\000\040\000y\000\040\000r\000e\000p\000o\000r\000t\000e\000s}{chapter.7}% 69
\BOOKMARK [1][-]{section.7.7}{\376\377\0007\000.\0007\000\040\000V\000a\000l\000i\000d\000a\000c\000i\000\363\000n\000\040\000i\000n\000t\000e\000g\000r\000a\000l\000\040\000d\000e\000l\000\040\000s\000i\000s\000t\000e\000m\000a}{chapter.7}% 70
\BOOKMARK [1][-]{section.7.8}{\376\377\0007\000.\0008\000\040\000C\000r\000i\000t\000e\000r\000i\000o\000s\000\040\000d\000e\000\040\000a\000c\000e\000p\000t\000a\000c\000i\000\363\000n}{chapter.7}% 71
\BOOKMARK [1][-]{section.7.9}{\376\377\0007\000.\0009\000\040\000V\000a\000l\000i\000d\000a\000c\000i\000\363\000n\000\040\000o\000p\000e\000r\000a\000t\000i\000v\000a\000\040\000e\000n\000\040\000e\000l\000\040\000l\000a\000b\000o\000r\000a\000t\000o\000r\000i\000o}{chapter.7}% 72
\BOOKMARK [0][-]{chapter.8}{\376\377\0008\000\040\000C\000r\000o\000n\000o\000g\000r\000a\000m\000a\000\040\000d\000e\000\040\000a\000c\000t\000i\000v\000i\000d\000a\000d\000e\000s}{}% 73
\BOOKMARK [1][-]{section.8.1}{\376\377\0008\000.\0001\000\040\000P\000l\000a\000n\000i\000f\000i\000c\000a\000c\000i\000\363\000n\000\040\000g\000e\000n\000e\000r\000a\000l}{chapter.8}% 74
\BOOKMARK [1][-]{section.8.2}{\376\377\0008\000.\0002\000\040\000C\000r\000o\000n\000o\000g\000r\000a\000m\000a\000\040\000p\000r\000o\000p\000u\000e\000s\000t\000o}{chapter.8}% 75
\BOOKMARK [1][-]{section.8.3}{\376\377\0008\000.\0003\000\040\000D\000e\000s\000c\000r\000i\000p\000c\000i\000\363\000n\000\040\000d\000e\000\040\000l\000a\000s\000\040\000e\000t\000a\000p\000a\000s}{chapter.8}% 76
\BOOKMARK [0][-]{chapter*.61}{\376\377\000B\000i\000b\000l\000i\000o\000g\000r\000a\000f\000\355\000a}{}% 77
\BOOKMARK [0][-]{appendix.Alph1}{\376\377\000A\000\040\000A\000p\000\351\000n\000d\000i\000c\000e}{}% 78
\BOOKMARK [1][-]{section.Alph1.1}{\376\377\000A\000.\0001\000\040\000D\000i\000s\000e\000\361\000o\000\040\000d\000e\000\040\000u\000n\000\040\000c\000i\000r\000c\000u\000i\000t\000o\000\040\000d\000e\000\040\000m\000e\000d\000i\000c\000i\000\363\000n\000\040\000d\000e\000\040\000a\000l\000t\000a\000\040\000i\000m\000p\000e\000d\000a\000n\000c\000i\000a}{appendix.Alph1}% 79
